Archive member included to satisfy reference by file (symbol)

C:/ST/STM32CubeIDE_1.16.0/STM32CubeIDE/plugins/com.st.stm32cube.ide.mcu.externaltools.gnu-tools-for-stm32.12.3.rel1.win32_1.0.200.202406191623/tools/bin/../lib/gcc/arm-none-eabi/12.3.1/../../../../arm-none-eabi/lib/thumb/v7-m/nofp\libc_nano.a(libc_a-exit.o)
                              C:/ST/STM32CubeIDE_1.16.0/STM32CubeIDE/plugins/com.st.stm32cube.ide.mcu.externaltools.gnu-tools-for-stm32.12.3.rel1.win32_1.0.200.202406191623/tools/bin/../lib/gcc/arm-none-eabi/12.3.1/../../../../arm-none-eabi/lib/thumb/v7-m/nofp/crt0.o (exit)
C:/ST/STM32CubeIDE_1.16.0/STM32CubeIDE/plugins/com.st.stm32cube.ide.mcu.externaltools.gnu-tools-for-stm32.12.3.rel1.win32_1.0.200.202406191623/tools/bin/../lib/gcc/arm-none-eabi/12.3.1/../../../../arm-none-eabi/lib/thumb/v7-m/nofp\libc_nano.a(libc_a-findfp.o)
                              ./Middlewares/Third_Party/FreeRTOS/Source/tasks.o (__sf)
C:/ST/STM32CubeIDE_1.16.0/STM32CubeIDE/plugins/com.st.stm32cube.ide.mcu.externaltools.gnu-tools-for-stm32.12.3.rel1.win32_1.0.200.202406191623/tools/bin/../lib/gcc/arm-none-eabi/12.3.1/../../../../arm-none-eabi/lib/thumb/v7-m/nofp\libc_nano.a(libc_a-fwalk.o)
                              C:/ST/STM32CubeIDE_1.16.0/STM32CubeIDE/plugins/com.st.stm32cube.ide.mcu.externaltools.gnu-tools-for-stm32.12.3.rel1.win32_1.0.200.202406191623/tools/bin/../lib/gcc/arm-none-eabi/12.3.1/../../../../arm-none-eabi/lib/thumb/v7-m/nofp\libc_nano.a(libc_a-findfp.o) (_fwalk_sglue)
C:/ST/STM32CubeIDE_1.16.0/STM32CubeIDE/plugins/com.st.stm32cube.ide.mcu.externaltools.gnu-tools-for-stm32.12.3.rel1.win32_1.0.200.202406191623/tools/bin/../lib/gcc/arm-none-eabi/12.3.1/../../../../arm-none-eabi/lib/thumb/v7-m/nofp\libc_nano.a(libc_a-sprintf.o)
                              ./Core/Src/main.o (sprintf)
C:/ST/STM32CubeIDE_1.16.0/STM32CubeIDE/plugins/com.st.stm32cube.ide.mcu.externaltools.gnu-tools-for-stm32.12.3.rel1.win32_1.0.200.202406191623/tools/bin/../lib/gcc/arm-none-eabi/12.3.1/../../../../arm-none-eabi/lib/thumb/v7-m/nofp\libc_nano.a(libc_a-stdio.o)
                              C:/ST/STM32CubeIDE_1.16.0/STM32CubeIDE/plugins/com.st.stm32cube.ide.mcu.externaltools.gnu-tools-for-stm32.12.3.rel1.win32_1.0.200.202406191623/tools/bin/../lib/gcc/arm-none-eabi/12.3.1/../../../../arm-none-eabi/lib/thumb/v7-m/nofp\libc_nano.a(libc_a-findfp.o) (__sread)
C:/ST/STM32CubeIDE_1.16.0/STM32CubeIDE/plugins/com.st.stm32cube.ide.mcu.externaltools.gnu-tools-for-stm32.12.3.rel1.win32_1.0.200.202406191623/tools/bin/../lib/gcc/arm-none-eabi/12.3.1/../../../../arm-none-eabi/lib/thumb/v7-m/nofp\libc_nano.a(libc_a-memset.o)
                              C:/ST/STM32CubeIDE_1.16.0/STM32CubeIDE/plugins/com.st.stm32cube.ide.mcu.externaltools.gnu-tools-for-stm32.12.3.rel1.win32_1.0.200.202406191623/tools/bin/../lib/gcc/arm-none-eabi/12.3.1/../../../../arm-none-eabi/lib/thumb/v7-m/nofp/crt0.o (memset)
C:/ST/STM32CubeIDE_1.16.0/STM32CubeIDE/plugins/com.st.stm32cube.ide.mcu.externaltools.gnu-tools-for-stm32.12.3.rel1.win32_1.0.200.202406191623/tools/bin/../lib/gcc/arm-none-eabi/12.3.1/../../../../arm-none-eabi/lib/thumb/v7-m/nofp\libc_nano.a(libc_a-closer.o)
                              C:/ST/STM32CubeIDE_1.16.0/STM32CubeIDE/plugins/com.st.stm32cube.ide.mcu.externaltools.gnu-tools-for-stm32.12.3.rel1.win32_1.0.200.202406191623/tools/bin/../lib/gcc/arm-none-eabi/12.3.1/../../../../arm-none-eabi/lib/thumb/v7-m/nofp\libc_nano.a(libc_a-stdio.o) (_close_r)
C:/ST/STM32CubeIDE_1.16.0/STM32CubeIDE/plugins/com.st.stm32cube.ide.mcu.externaltools.gnu-tools-for-stm32.12.3.rel1.win32_1.0.200.202406191623/tools/bin/../lib/gcc/arm-none-eabi/12.3.1/../../../../arm-none-eabi/lib/thumb/v7-m/nofp\libc_nano.a(libc_a-reent.o)
                              ./Middlewares/Third_Party/FreeRTOS/Source/tasks.o (_reclaim_reent)
C:/ST/STM32CubeIDE_1.16.0/STM32CubeIDE/plugins/com.st.stm32cube.ide.mcu.externaltools.gnu-tools-for-stm32.12.3.rel1.win32_1.0.200.202406191623/tools/bin/../lib/gcc/arm-none-eabi/12.3.1/../../../../arm-none-eabi/lib/thumb/v7-m/nofp\libc_nano.a(libc_a-impure.o)
                              ./Middlewares/Third_Party/FreeRTOS/Source/tasks.o (_impure_ptr)
C:/ST/STM32CubeIDE_1.16.0/STM32CubeIDE/plugins/com.st.stm32cube.ide.mcu.externaltools.gnu-tools-for-stm32.12.3.rel1.win32_1.0.200.202406191623/tools/bin/../lib/gcc/arm-none-eabi/12.3.1/../../../../arm-none-eabi/lib/thumb/v7-m/nofp\libc_nano.a(libc_a-lseekr.o)
                              C:/ST/STM32CubeIDE_1.16.0/STM32CubeIDE/plugins/com.st.stm32cube.ide.mcu.externaltools.gnu-tools-for-stm32.12.3.rel1.win32_1.0.200.202406191623/tools/bin/../lib/gcc/arm-none-eabi/12.3.1/../../../../arm-none-eabi/lib/thumb/v7-m/nofp\libc_nano.a(libc_a-stdio.o) (_lseek_r)
[...]
Memory Configuration

Name             Origin             Length             Attributes
RAM              0x20000000         0x00005000         xrw
FLASH            0x08000000         0x00010000         xr
*default*        0x00000000         0xffffffff

Linker script and memory map

LOAD C:/ST/STM32CubeIDE_1.16.0/STM32CubeIDE/plugins/com.st.stm32cube.ide.mcu.externaltools.gnu-tools-for-stm32.12.3.rel1.win32_1.0.200.202406191623/tools/bin/../lib/gcc/arm-none-eabi/12.3.1/thumb/v7-m/nofp/crti.o
LOAD C:/ST/STM32CubeIDE_1.16.0/STM32CubeIDE/plugins/com.st.stm32cube.ide.mcu.externaltools.gnu-tools-for-stm32.12.3.rel1.win32_1.0.200.202406191623/tools/bin/../lib/gcc/arm-none-eabi/12.3.1/thumb/v7-m/nofp/crtbegin.o
LOAD C:/ST/STM32CubeIDE_1.16.0/STM32CubeIDE/plugins/com.st.stm32cube.ide.mcu.externaltools.gnu-tools-for-stm32.12.3.rel1.win32_1.0.200.202406191623/tools/bin/../lib/gcc/arm-none-eabi/12.3.1/../../../../arm-none-eabi/lib/thumb/v7-m/nofp/crt0.o
LOAD ./Core/Src/fft.o
LOAD ./Core/Src/fonts.o
LOAD ./Core/Src/freertos.o
LOAD ./Core/Src/main.o
LOAD ./Core/Src/ssd1306.o
LOAD ./Core/Src/stm32f1xx_hal_msp.o
LOAD ./Core/Src/stm32f1xx_hal_timebase_tim.o
LOAD ./Core/Src/stm32f1xx_it.o
LOAD ./Core/Src/syscalls.o
LOAD ./Core/Src/sysmem.o
LOAD ./Core/Src/system_stm32f1xx.o
LOAD ./Core/Src/tomasitos_library.o
LOAD ./Core/Startup/startup_stm32f103c8tx.o
LOAD ./Drivers/STM32F1xx_HAL_Driver/Src/stm32f1xx_hal.o
LOAD ./Drivers/STM32F1xx_HAL_Driver/Src/stm32f1xx_hal_adc.o
LOAD ./Drivers/STM32F1xx_HAL_Driver/Src/stm32f1xx_hal_adc_ex.o
LOAD ./Drivers/STM32F1xx_HAL_Driver/Src/stm32f1xx_hal_cortex.o
LOAD ./Drivers/STM32F1xx_HAL_Driver/Src/stm32f1xx_hal_dma.o
LOAD ./Drivers/STM32F1xx_HAL_Driver/Src/stm32f1xx_hal_exti.o
LOAD ./Drivers/STM32F1xx_HAL_Driver/Src/stm32f1xx_hal_flash.o
LOAD ./Drivers/STM32F1xx_HAL_Driver/Src/stm32f1xx_hal_flash_ex.o
LOAD ./Drivers/STM32F1xx_HAL_Driver/Src/stm32f1xx_hal_gpio.o
LOAD ./Drivers/STM32F1xx_HAL_Driver/Src/stm32f1xx_hal_gpio_ex.o
LOAD ./Drivers/STM32F1xx_HAL_Driver/Src/stm32f1xx_hal_i2c.o
LOAD ./Drivers/STM32F1xx_HAL_Driver/Src/stm32f1xx_hal_pwr.o
LOAD ./Drivers/STM32F1xx_HAL_Driver/Src/stm32f1xx_hal_rcc.o
LOAD ./Drivers/STM32F1xx_HAL_Driver/Src/stm32f1xx_hal_rcc_ex.o
LOAD ./Drivers/STM32F1xx_HAL_Driver/Src/stm32f1xx_hal_tim.o
LOAD ./Drivers/STM32F1xx_HAL_Driver/Src/stm32f1xx_hal_tim_ex.o
LOAD ./Drivers/STM32F1xx_HAL_Driver/Src/stm32f1xx_hal_uart.o
LOAD ./Middlewares/Third_Party/FreeRTOS/Source/CMSIS_RTOS_V2/cmsis_os2.o
LOAD ./Middlewares/Third_Party/FreeRTOS/Source/croutine.o
LOAD ./Middlewares/Third_Party/FreeRTOS/Source/event_groups.o
LOAD ./Middlewares/Third_Party/FreeRTOS/Source/list.o
LOAD ./Middlewares/Third_Party/FreeRTOS/Source/queue.o
LOAD ./Middlewares/Third_Party/FreeRTOS/Source/stream_buffer.o
LOAD ./Middlewares/Third_Party/FreeRTOS/Source/tasks.o
LOAD ./Middlewares/Third_Party/FreeRTOS/Source/timers.o
LOAD ./Middlewares/Third_Party/FreeRTOS/Source/portable/GCC/ARM_CM3/port.o
LOAD ./Middlewares/Third_Party/FreeRTOS/Source/portable/MemMang/heap_4.o
START GROUP
LOAD C:/ST/STM32CubeIDE_1.16.0/STM32CubeIDE/plugins/com.st.stm32cube.ide.mcu.externaltools.gnu-tools-for-stm32.12.3.rel1.win32_1.0.200.202406191623/tools/bin/../lib/gcc/arm-none-eabi/12.3.1/../../../../arm-none-eabi/lib/thumb/v7-m/nofp\libc_nano.a
LOAD C:/ST/STM32CubeIDE_1.16.0/STM32CubeIDE/plugins/com.st.stm32cube.ide.mcu.externaltools.gnu-tools-for-stm32.12.3.rel1.win32_1.0.200.202406191623/tools/bin/../lib/gcc/arm-none-eabi/12.3.1/../../../../arm-none-eabi/lib/thumb/v7-m/nofp\libm.a
END GROUP
START GROUP
LOAD C:/ST/STM32CubeIDE_1.16.0/STM32CubeIDE/plugins/com.st.stm32cube.ide.mcu.externaltools.gnu-tools-for-stm32.12.3.rel1.win32_1.0.200.202406191623/tools/bin/../lib/gcc/arm-none-eabi/12.3.1/thumb/v7-m/nofp\libgcc.a
LOAD C:/ST/STM32CubeIDE_1.16.0/STM32CubeIDE/plugins/com.st.stm32cube.ide.mcu.externaltools.gnu-tools-for-stm32.12.3.rel1.win32_1.0.200.202406191623/tools/bin/../lib/gcc/arm-none-eabi/12.3.1/../../../../arm-none-eabi/lib/thumb/v7-m/nofp\libc_nano.a
END GROUP
START GROUP
LOAD C:/ST/STM32CubeIDE_1.16.0/STM32CubeIDE/plugins/com.st.stm32cube.ide.mcu.externaltools.gnu-tools-for-stm32.12.3.rel1.win32_1.0.200.202406191623/tools/bin/../lib/gcc/arm-none-eabi/12.3.1/thumb/v7-m/nofp\libgcc.a
LOAD C:/ST/STM32CubeIDE_1.16.0/STM32CubeIDE/plugins/com.st.stm32cube.ide.mcu.externaltools.gnu-tools-for-stm32.12.3.rel1.win32_1.0.200.202406191623/tools/bin/../lib/gcc/arm-none-eabi/12.3.1/../../../../arm-none-eabi/lib/thumb/v7-m/nofp\libc_nano.a
LOAD C:/ST/STM32CubeIDE_1.16.0/STM32CubeIDE/plugins/com.st.stm32cube.ide.mcu.externaltools.gnu-tools-for-stm32.12.3.rel1.win32_1.0.200.202406191623/tools/bin/../lib/gcc/arm-none-eabi/12.3.1/../../../../arm-none-eabi/lib/thumb/v7-m/nofp\libnosys.a
END GROUP
START GROUP
LOAD C:/ST/STM32CubeIDE_1.16.0/STM32CubeIDE/plugins/com.st.stm32cube.ide.mcu.externaltools.gnu-tools-for-stm32.12.3.rel1.win32_1.0.200.202406191623/tools/bin/../lib/gcc/arm-none-eabi/12.3.1/thumb/v7-m/nofp\libgcc.a
LOAD C:/ST/STM32CubeIDE_1.16.0/STM32CubeIDE/plugins/com.st.stm32cube.ide.mcu.externaltools.gnu-tools-for-stm32.12.3.rel1.win32_1.0.200.202406191623/tools/bin/../lib/gcc/arm-none-eabi/12.3.1/../../../../arm-none-eabi/lib/thumb/v7-m/nofp\libc_nano.a
LOAD C:/ST/STM32CubeIDE_1.16.0/STM32CubeIDE/plugins/com.st.stm32cube.ide.mcu.externaltools.gnu-tools-for-stm32.12.3.rel1.win32_1.0.200.202406191623/tools/bin/../lib/gcc/arm-none-eabi/12.3.1/../../../../arm-none-eabi/lib/thumb/v7-m/nofp\libnosys.a
END GROUP
LOAD C:/ST/STM32CubeIDE_1.16.0/STM32CubeIDE/plugins/com.st.stm32cube.ide.mcu.externaltools.gnu-tools-for-stm32.12.3.rel1.win32_1.0.200.202406191623/tools/bin/../lib/gcc/arm-none-eabi/12.3.1/thumb/v7-m/nofp/crtend.o
LOAD C:/ST/STM32CubeIDE_1.16.0/STM32CubeIDE/plugins/com.st.stm32cube.ide.mcu.externaltools.gnu-tools-for-stm32.12.3.rel1.win32_1.0.200.202406191623/tools/bin/../lib/gcc/arm-none-eabi/12.3.1/thumb/v7-m/nofp/crtn.o
                0x20005000                        _estack = (ORIGIN (RAM) + LENGTH (RAM))
                0x00000200                        _Min_Heap_Size = 0x200
                0x00000400                        _Min_Stack_Size = 0x400

.isr_vector     0x08000000      0x10c
                0x08000000                        . = ALIGN (0x4)
 *(.isr_vector)
 .isr_vector    0x08000000      0x10c ./Core/Startup/startup_stm32f103c8tx.o
                0x08000000                g_pfnVectors
                0x0800010c                        . = ALIGN (0x4)

.text           0x08000110     0xc838
                0x08000110                        . = ALIGN (0x4)
 *(.text)
 .text          0x08000110       0x40 C:/ST/STM32CubeIDE_1.16.0/STM32CubeIDE/plugins/com.st.stm32cube.ide.mcu.externaltools.gnu-tools-for-stm32.12.3.rel1.win32_1.0.200.202406191623/tools/bin/../lib/gcc/arm-none-eabi/12.3.1/thumb/v7-m/nofp/crtbegin.o
 .text          0x08000150      0x378 C:/ST/STM32CubeIDE_1.16.0/STM32CubeIDE/plugins/com.st.stm32cube.ide.mcu.externaltools.gnu-tools-for-stm32.12.3.rel1.win32_1.0.200.202406191623/tools/bin/../lib/gcc/arm-none-eabi/12.3.1/thumb/v7-m/nofp\libgcc.a(_arm_addsubdf3.o)
                0x08000150                __aeabi_drsub
                0x08000158                __aeabi_dsub
                0x08000158                __subdf3
                0x0800015c                __aeabi_dadd
                0x0800015c                __adddf3
                0x080003d4                __floatunsidf
                0x080003d4                __aeabi_ui2d
                0x080003f4                __floatsidf
                0x080003f4                __aeabi_i2d
                0x08000418                __aeabi_f2d
                0x08000418                __extendsfdf2
                0x0800045c                __floatundidf
                0x0800045c                __aeabi_ul2d
                0x0800046c                __floatdidf
                0x0800046c                __aeabi_l2d
 .text          0x080004c8      0x424 C:/ST/STM32CubeIDE_1.16.0/STM32CubeIDE/plugins/com.st.stm32cube.ide.mcu.externaltools.gnu-tools-for-stm32.12.3.rel1.win32_1.0.200.202406191623/tools/bin/../lib/gcc/arm-none-eabi/12.3.1/thumb/v7-m/nofp\libgcc.a(_arm_muldivdf3.o)
                0x080004c8                __aeabi_dmul
                0x080004c8                __muldf3
                0x0800071c                __divdf3
                0x0800071c                __aeabi_ddiv
 .text          0x080008ec      0x110 C:/ST/STM32CubeIDE_1.16.0/STM32CubeIDE/plugins/com.st.stm32cube.ide.mcu.externaltools.gnu-tools-for-stm32.12.3.rel1.win32_1.0.200.202406191623/tools/bin/../lib/gcc/arm-none-eabi/12.3.1/thumb/v7-m/nofp\libgcc.a(_arm_cmpdf2.o)
                0x080008ec                __gtdf2
                0x080008ec                __gedf2
                0x080008f4                __ltdf2
                0x080008f4                __ledf2
                0x080008fc                __nedf2
                0x080008fc                __eqdf2
                0x080008fc                __cmpdf2
                0x08000978                __aeabi_cdrcmple
                0x08000988                __aeabi_cdcmpeq
                0x08000988                __aeabi_cdcmple
                0x08000998                __aeabi_dcmpeq
                0x080009ac                __aeabi_dcmplt
                0x080009c0                __aeabi_dcmple
                0x080009d4                __aeabi_dcmpge
                0x080009e8                __aeabi_dcmpgt
 .text          0x080009fc       0x2c C:/ST/STM32CubeIDE_1.16.0/STM32CubeIDE/plugins/com.st.stm32cube.ide.mcu.externaltools.gnu-tools-for-stm32.12.3.rel1.win32_1.0.200.202406191623/tools/bin/../lib/gcc/arm-none-eabi/12.3.1/thumb/v7-m/nofp\libgcc.a(_arm_unorddf2.o)
                0x080009fc                __unorddf2
                0x080009fc                __aeabi_dcmpun
 .text          0x08000a28       0x50 C:/ST/STM32CubeIDE_1.16.0/STM32CubeIDE/plugins/com.st.stm32cube.ide.mcu.externaltools.gnu-tools-for-stm32.12.3.rel1.win32_1.0.200.202406191623/tools/bin/../lib/gcc/arm-none-eabi/12.3.1/thumb/v7-m/nofp\libgcc.a(_arm_fixdfsi.o)
                0x08000a28                __aeabi_d2iz
                0x08000a28                __fixdfsi
 .text          0x08000a78       0x40 C:/ST/STM32CubeIDE_1.16.0/STM32CubeIDE/plugins/com.st.stm32cube.ide.mcu.externaltools.gnu-tools-for-stm32.12.3.rel1.win32_1.0.200.202406191623/tools/bin/../lib/gcc/arm-none-eabi/12.3.1/thumb/v7-m/nofp\libgcc.a(_arm_fixunsdfsi.o)
                0x08000a78                __aeabi_d2uiz
                0x08000a78                __fixunsdfsi
 .text          0x08000ab8       0xa0 C:/ST/STM32CubeIDE_1.16.0/STM32CubeIDE/plugins/com.st.stm32cube.ide.mcu.externaltools.gnu-tools-for-stm32.12.3.rel1.win32_1.0.200.202406191623/tools/bin/../lib/gcc/arm-none-eabi/12.3.1/thumb/v7-m/nofp\libgcc.a(_arm_truncdfsf2.o)
                0x08000ab8                __truncdfsf2
                0x08000ab8                __aeabi_d2f
 .text          0x08000b58      0x21c C:/ST/STM32CubeIDE_1.16.0/STM32CubeIDE/plugins/com.st.stm32cube.ide.mcu.externaltools.gnu-tools-for-stm32.12.3.rel1.win32_1.0.200.202406191623/tools/bin/../lib/gcc/arm-none-eabi/12.3.1/thumb/v7-m/nofp\libgcc.a(_arm_addsubsf3.o)
                0x08000b58                __aeabi_frsub
                0x08000b60                __subsf3
                0x08000b60                __aeabi_fsub
                0x08000b64                __aeabi_fadd
                0x08000b64                __addsf3
                0x08000cc4                __aeabi_ui2f
                0x08000cc4                __floatunsisf
                0x08000ccc                __aeabi_i2f
                0x08000ccc                __floatsisf
                0x08000ce8                __aeabi_ul2f
                0x08000ce8                __floatundisf
                0x08000cf8                __aeabi_l2f
                0x08000cf8                __floatdisf
 .text          0x08000d74      0x2a0 C:/ST/STM32CubeIDE_1.16.0/STM32CubeIDE/plugins/com.st.stm32cube.ide.mcu.externaltools.gnu-tools-for-stm32.12.3.rel1.win32_1.0.200.202406191623/tools/bin/../lib/gcc/arm-none-eabi/12.3.1/thumb/v7-m/nofp\libgcc.a(_arm_muldivsf3.o)
                0x08000d74                __mulsf3
                0x08000d74                __aeabi_fmul
                0x08000edc                __aeabi_fdiv
                0x08000edc                __divsf3
 *(.text*)
 .text.FFT      0x08001014      0x2a8 ./Core/Src/fft.o
                0x08001014                FFT
 .text.main     0x080012bc       0xdc ./Core/Src/main.o
                0x080012bc                main
 .text.SystemClock_Config
                0x08001398       0xb6 ./Core/Src/main.o
                0x08001398                SystemClock_Config
 *fill*         0x0800144e        0x2 
 .text.MX_ADC1_Init
                0x08001450       0x7c ./Core/Src/main.o
 .text.MX_I2C1_Init
                0x080014cc       0x5c ./Core/Src/main.o
 .text.MX_TIM2_Init
                0x08001528       0x98 ./Core/Src/main.o
 .text.MX_TIM3_Init
                0x080015c0       0xec ./Core/Src/main.o
 .text.MX_USART1_UART_Init
                0x080016ac       0x54 ./Core/Src/main.o
 .text.MX_DMA_Init
                0x08001700       0x4c ./Core/Src/main.o
 .text.MX_GPIO_Init
                0x0800174c      0x158 ./Core/Src/main.o
 .text.callback_in
                0x080018a4       0x88 ./Core/Src/main.o
                0x080018a4                callback_in
 .text.callback_out
                0x0800192c       0x88 ./Core/Src/main.o
                0x0800192c                callback_out
 .text.action   0x080019b4      0x554 ./Core/Src/main.o
                0x080019b4                action
 .text.display  0x08001f08      0x27c ./Core/Src/main.o
                0x08001f08                display
 *fill*         0x08002184        0x4 
 .text.SignalGeneratorTask
                0x08002188      0x1bc ./Core/Src/main.o
                0x08002188                SignalGeneratorTask
 .text.ScreenControlerTask
                0x08002344       0x98 ./Core/Src/main.o
                0x08002344                ScreenControlerTask
 .text.InputControlerTask
                0x080023dc       0xcc ./Core/Src/main.o
                0x080023dc                InputControlerTask
 .text.DataControlerTask
                0x080024a8       0xdc ./Core/Src/main.o
                0x080024a8                DataControlerTask
 .text.HAL_TIM_PeriodElapsedCallback
                0x08002584       0xa4 ./Core/Src/main.o
                0x08002584                HAL_TIM_PeriodElapsedCallback
 .text.Error_Handler
                0x08002628        0xc ./Core/Src/main.o
                0x08002628                Error_Handler
 .text.SSD1306_Init
                0x08002634      0x188 ./Core/Src/ssd1306.o
                0x08002634                SSD1306_Init
 .text.SSD1306_UpdateScreen
                0x080027bc       0x5c ./Core/Src/ssd1306.o
                0x080027bc                SSD1306_UpdateScreen
 .text.SSD1306_Fill
                0x08002818       0x30 ./Core/Src/ssd1306.o
                0x08002818                SSD1306_Fill
 .text.SSD1306_DrawPixel
                0x08002848       0xbc ./Core/Src/ssd1306.o
                0x08002848                SSD1306_DrawPixel
 .text.SSD1306_GotoXY
                0x08002904       0x2c ./Core/Src/ssd1306.o
                0x08002904                SSD1306_GotoXY
 .text.SSD1306_Putc
                0x08002930       0xfc ./Core/Src/ssd1306.o
                0x08002930                SSD1306_Putc
 .text.SSD1306_Puts
                0x08002a2c       0x4a ./Core/Src/ssd1306.o
                0x08002a2c                SSD1306_Puts
 .text.SSD1306_DrawLine
                0x08002a76      0x1f6 ./Core/Src/ssd1306.o
                0x08002a76                SSD1306_DrawLine
 .text.SSD1306_DrawFilledRectangle
                0x08002c6c       0x9a ./Core/Src/ssd1306.o
                0x08002c6c                SSD1306_DrawFilledRectangle
 .text.SSD1306_Clear
                0x08002d06       0x12 ./Core/Src/ssd1306.o
                0x08002d06                SSD1306_Clear
 .text.ssd1306_I2C_Init
                0x08002d18       0x28 ./Core/Src/ssd1306.o
                0x08002d18                ssd1306_I2C_Init
 .text.ssd1306_I2C_WriteMulti
                0x08002d40       0xcc ./Core/Src/ssd1306.o
                0x08002d40                ssd1306_I2C_WriteMulti
 .text.ssd1306_I2C_Write
                0x08002e0c       0x3c ./Core/Src/ssd1306.o
                0x08002e0c                ssd1306_I2C_Write
 .text.HAL_MspInit
                0x08002e48       0x70 ./Core/Src/stm32f1xx_hal_msp.o
                0x08002e48                HAL_MspInit
 .text.HAL_ADC_MspInit
                0x08002eb8       0x88 ./Core/Src/stm32f1xx_hal_msp.o
                0x08002eb8                HAL_ADC_MspInit
 .text.HAL_I2C_MspInit
                0x08002f40       0x7c ./Core/Src/stm32f1xx_hal_msp.o
                0x08002f40                HAL_I2C_MspInit
 .text.HAL_TIM_Base_MspInit
                0x08002fbc       0xd4 ./Core/Src/stm32f1xx_hal_msp.o
                0x08002fbc                HAL_TIM_Base_MspInit
 .text.HAL_TIM_MspPostInit
                0x08003090       0x64 ./Core/Src/stm32f1xx_hal_msp.o
                0x08003090                HAL_TIM_MspPostInit
 .text.HAL_UART_MspInit
                0x080030f4       0xec ./Core/Src/stm32f1xx_hal_msp.o
                0x080030f4                HAL_UART_MspInit
 .text.HAL_InitTick
                0x080031e0       0xfc ./Core/Src/stm32f1xx_hal_timebase_tim.o
                0x080031e0                HAL_InitTick
 .text.NMI_Handler
                0x080032dc        0x8 ./Core/Src/stm32f1xx_it.o
                0x080032dc                NMI_Handler
 .text.HardFault_Handler
                0x080032e4        0x8 ./Core/Src/stm32f1xx_it.o
                0x080032e4                HardFault_Handler
 .text.MemManage_Handler
                0x080032ec        0x8 ./Core/Src/stm32f1xx_it.o
                0x080032ec                MemManage_Handler
 .text.BusFault_Handler
                0x080032f4        0x8 ./Core/Src/stm32f1xx_it.o
                0x080032f4                BusFault_Handler
 .text.UsageFault_Handler
                0x080032fc        0x8 ./Core/Src/stm32f1xx_it.o
                0x080032fc                UsageFault_Handler
 .text.DebugMon_Handler
                0x08003304        0xc ./Core/Src/stm32f1xx_it.o
                0x08003304                DebugMon_Handler
 .text.DMA1_Channel4_IRQHandler
                0x08003310       0x14 ./Core/Src/stm32f1xx_it.o
                0x08003310                DMA1_Channel4_IRQHandler
 .text.DMA1_Channel6_IRQHandler
                0x08003324       0x14 ./Core/Src/stm32f1xx_it.o
                0x08003324                DMA1_Channel6_IRQHandler
 .text.ADC1_2_IRQHandler
                0x08003338       0x14 ./Core/Src/stm32f1xx_it.o
                0x08003338                ADC1_2_IRQHandler
 .text.TIM2_IRQHandler
                0x0800334c       0x14 ./Core/Src/stm32f1xx_it.o
                0x0800334c                TIM2_IRQHandler
 .text.TIM4_IRQHandler
                0x08003360       0x14 ./Core/Src/stm32f1xx_it.o
                0x08003360                TIM4_IRQHandler
 .text._sbrk    0x08003374       0x6c ./Core/Src/sysmem.o
                0x08003374                _sbrk
 .text.SystemInit
                0x080033e0        0xc ./Core/Src/system_stm32f1xx.o
                0x080033e0                SystemInit
 .text.Encoder_Get_Status
                0x080033ec       0x7c ./Core/Src/tomasitos_library.o
                0x080033ec                Encoder_Get_Status
 .text.PrintBufferAsGraph
                0x08003468      0x118 ./Core/Src/tomasitos_library.o
                0x08003468                PrintBufferAsGraph
 .text.ImprimirLinea
                0x08003580       0x64 ./Core/Src/tomasitos_library.o
                0x08003580                ImprimirLinea
 .text.antirebote_ftn
                0x080035e4       0x2c ./Core/Src/tomasitos_library.o
                0x080035e4                antirebote_ftn
 .text.set_PWM_period
                0x08003610       0xec ./Core/Src/tomasitos_library.o
                0x08003610                set_PWM_period
 .text.Reset_Handler
                0x080036fc       0x48 ./Core/Startup/startup_stm32f103c8tx.o
                0x080036fc                Reset_Handler
 .text.Default_Handler
                0x08003744        0x2 ./Core/Startup/startup_stm32f103c8tx.o
                0x08003744                RTC_Alarm_IRQHandler
                0x08003744                EXTI2_IRQHandler
                0x08003744                TIM1_CC_IRQHandler
                0x08003744                PVD_IRQHandler
                0x08003744                EXTI3_IRQHandler
                0x08003744                EXTI0_IRQHandler
                0x08003744                I2C2_EV_IRQHandler
                0x08003744                SPI1_IRQHandler
                0x08003744                TAMPER_IRQHandler
                0x08003744                USART3_IRQHandler
                0x08003744                RTC_IRQHandler
                0x08003744                DMA1_Channel7_IRQHandler
                0x08003744                CAN1_RX1_IRQHandler
                0x08003744                I2C1_EV_IRQHandler
                0x08003744                TIM3_IRQHandler
                0x08003744                RCC_IRQHandler
                0x08003744                TIM1_TRG_COM_IRQHandler
                0x08003744                DMA1_Channel1_IRQHandler
                0x08003744                Default_Handler
                0x08003744                EXTI15_10_IRQHandler
                0x08003744                EXTI9_5_IRQHandler
                0x08003744                SPI2_IRQHandler
                0x08003744                DMA1_Channel5_IRQHandler
                0x08003744                EXTI4_IRQHandler
                0x08003744                USB_LP_CAN1_RX0_IRQHandler
                0x08003744                USB_HP_CAN1_TX_IRQHandler
                0x08003744                DMA1_Channel3_IRQHandler
                0x08003744                TIM1_UP_IRQHandler
                0x08003744                WWDG_IRQHandler
                0x08003744                TIM1_BRK_IRQHandler
                0x08003744                EXTI1_IRQHandler
                0x08003744                USART2_IRQHandler
                0x08003744                I2C2_ER_IRQHandler
                0x08003744                DMA1_Channel2_IRQHandler
                0x08003744                CAN1_SCE_IRQHandler
                0x08003744                FLASH_IRQHandler
                0x08003744                USART1_IRQHandler
                0x08003744                I2C1_ER_IRQHandler
                0x08003744                USBWakeUp_IRQHandler
 *fill*         0x08003746        0x2 
 .text.HAL_Init
                0x08003748       0x2c ./Drivers/STM32F1xx_HAL_Driver/Src/stm32f1xx_hal.o
                0x08003748                HAL_Init
 .text.HAL_IncTick
                0x08003774       0x24 ./Drivers/STM32F1xx_HAL_Driver/Src/stm32f1xx_hal.o
                0x08003774                HAL_IncTick
 .text.HAL_GetTick
                0x08003798       0x14 ./Drivers/STM32F1xx_HAL_Driver/Src/stm32f1xx_hal.o
                0x08003798                HAL_GetTick
 .text.HAL_ADC_Init
                0x080037ac      0x1b0 ./Drivers/STM32F1xx_HAL_Driver/Src/stm32f1xx_hal_adc.o
                0x080037ac                HAL_ADC_Init
 .text.HAL_ADC_Start
                0x0800395c      0x15c ./Drivers/STM32F1xx_HAL_Driver/Src/stm32f1xx_hal_adc.o
                0x0800395c                HAL_ADC_Start
 .text.HAL_ADC_PollForConversion
                0x08003ab8      0x20c ./Drivers/STM32F1xx_HAL_Driver/Src/stm32f1xx_hal_adc.o
                0x08003ab8                HAL_ADC_PollForConversion
 .text.HAL_ADC_GetValue
                0x08003cc4       0x18 ./Drivers/STM32F1xx_HAL_Driver/Src/stm32f1xx_hal_adc.o
                0x08003cc4                HAL_ADC_GetValue
 .text.HAL_ADC_IRQHandler
                0x08003cdc      0x17e ./Drivers/STM32F1xx_HAL_Driver/Src/stm32f1xx_hal_adc.o
                0x08003cdc                HAL_ADC_IRQHandler
 .text.HAL_ADC_ConvCpltCallback
                0x08003e5a       0x12 ./Drivers/STM32F1xx_HAL_Driver/Src/stm32f1xx_hal_adc.o
                0x08003e5a                HAL_ADC_ConvCpltCallback
 .text.HAL_ADC_LevelOutOfWindowCallback
                0x08003e6c       0x12 ./Drivers/STM32F1xx_HAL_Driver/Src/stm32f1xx_hal_adc.o
                0x08003e6c                HAL_ADC_LevelOutOfWindowCallback
 *fill*         0x08003e7e        0x2 
 .text.HAL_ADC_ConfigChannel
                0x08003e80      0x1f0 ./Drivers/STM32F1xx_HAL_Driver/Src/stm32f1xx_hal_adc.o
                0x08003e80                HAL_ADC_ConfigChannel
 .text.ADC_Enable
                0x08004070       0xb4 ./Drivers/STM32F1xx_HAL_Driver/Src/stm32f1xx_hal_adc.o
                0x08004070                ADC_Enable
 .text.ADC_ConversionStop_Disable
                0x08004124       0x82 ./Drivers/STM32F1xx_HAL_Driver/Src/stm32f1xx_hal_adc.o
                0x08004124                ADC_ConversionStop_Disable
 .text.HAL_ADCEx_InjectedConvCpltCallback
                0x080041a6       0x12 ./Drivers/STM32F1xx_HAL_Driver/Src/stm32f1xx_hal_adc_ex.o
                0x080041a6                HAL_ADCEx_InjectedConvCpltCallback
 .text.__NVIC_SetPriorityGrouping
                0x080041b8       0x48 ./Drivers/STM32F1xx_HAL_Driver/Src/stm32f1xx_hal_cortex.o
 .text.__NVIC_GetPriorityGrouping
                0x08004200       0x1c ./Drivers/STM32F1xx_HAL_Driver/Src/stm32f1xx_hal_cortex.o
 .text.__NVIC_EnableIRQ
                0x0800421c       0x38 ./Drivers/STM32F1xx_HAL_Driver/Src/stm32f1xx_hal_cortex.o
 .text.__NVIC_SetPriority
                0x08004254       0x54 ./Drivers/STM32F1xx_HAL_Driver/Src/stm32f1xx_hal_cortex.o
 .text.NVIC_EncodePriority
                0x080042a8       0x64 ./Drivers/STM32F1xx_HAL_Driver/Src/stm32f1xx_hal_cortex.o
 .text.HAL_NVIC_SetPriorityGrouping
                0x0800430c       0x16 ./Drivers/STM32F1xx_HAL_Driver/Src/stm32f1xx_hal_cortex.o
                0x0800430c                HAL_NVIC_SetPriorityGrouping
 .text.HAL_NVIC_SetPriority
                0x08004322       0x38 ./Drivers/STM32F1xx_HAL_Driver/Src/stm32f1xx_hal_cortex.o
                0x08004322                HAL_NVIC_SetPriority
 .text.HAL_NVIC_EnableIRQ
                0x0800435a       0x1c ./Drivers/STM32F1xx_HAL_Driver/Src/stm32f1xx_hal_cortex.o
                0x0800435a                HAL_NVIC_EnableIRQ
 *fill*         0x08004376        0x2 
 .text.HAL_DMA_Init
                0x08004378       0xb4 ./Drivers/STM32F1xx_HAL_Driver/Src/stm32f1xx_hal_dma.o
                0x08004378                HAL_DMA_Init
 .text.HAL_DMA_Start_IT
                0x0800442c       0xc0 ./Drivers/STM32F1xx_HAL_Driver/Src/stm32f1xx_hal_dma.o
                0x0800442c                HAL_DMA_Start_IT
 .text.HAL_DMA_Abort_IT
                0x080044ec       0xf0 ./Drivers/STM32F1xx_HAL_Driver/Src/stm32f1xx_hal_dma.o
                0x080044ec                HAL_DMA_Abort_IT
 .text.HAL_DMA_IRQHandler
                0x080045dc      0x20c ./Drivers/STM32F1xx_HAL_Driver/Src/stm32f1xx_hal_dma.o
                0x080045dc                HAL_DMA_IRQHandler
 .text.DMA_SetConfig
                0x080047e8       0x5a ./Drivers/STM32F1xx_HAL_Driver/Src/stm32f1xx_hal_dma.o
 *fill*         0x08004842        0x2 
 .text.HAL_GPIO_Init
                0x08004844      0x308 ./Drivers/STM32F1xx_HAL_Driver/Src/stm32f1xx_hal_gpio.o
                0x08004844                HAL_GPIO_Init
 .text.HAL_GPIO_ReadPin
                0x08004b4c       0x2e ./Drivers/STM32F1xx_HAL_Driver/Src/stm32f1xx_hal_gpio.o
                0x08004b4c                HAL_GPIO_ReadPin
 .text.HAL_GPIO_WritePin
                0x08004b7a       0x30 ./Drivers/STM32F1xx_HAL_Driver/Src/stm32f1xx_hal_gpio.o
                0x08004b7a                HAL_GPIO_WritePin
 *fill*         0x08004baa        0x2 
 .text.HAL_I2C_Init
                0x08004bac      0x288 ./Drivers/STM32F1xx_HAL_Driver/Src/stm32f1xx_hal_i2c.o
                0x08004bac                HAL_I2C_Init
 .text.HAL_I2C_Master_Transmit
                0x08004e34      0x1fc ./Drivers/STM32F1xx_HAL_Driver/Src/stm32f1xx_hal_i2c.o
                0x08004e34                HAL_I2C_Master_Transmit
 .text.HAL_I2C_IsDeviceReady
                0x08005030      0x25c ./Drivers/STM32F1xx_HAL_Driver/Src/stm32f1xx_hal_i2c.o
                0x08005030                HAL_I2C_IsDeviceReady
 .text.I2C_MasterRequestWrite
                0x0800528c      0x104 ./Drivers/STM32F1xx_HAL_Driver/Src/stm32f1xx_hal_i2c.o
 .text.I2C_WaitOnFlagUntilTimeout
                0x08005390       0xf4 ./Drivers/STM32F1xx_HAL_Driver/Src/stm32f1xx_hal_i2c.o
 .text.I2C_WaitOnMasterAddressFlagUntilTimeout
                0x08005484      0x140 ./Drivers/STM32F1xx_HAL_Driver/Src/stm32f1xx_hal_i2c.o
 .text.I2C_WaitOnTXEFlagUntilTimeout
                0x080055c4       0x90 ./Drivers/STM32F1xx_HAL_Driver/Src/stm32f1xx_hal_i2c.o
 .text.I2C_WaitOnBTFFlagUntilTimeout
                0x08005654       0x90 ./Drivers/STM32F1xx_HAL_Driver/Src/stm32f1xx_hal_i2c.o
 .text.I2C_IsAcknowledgeFailed
                0x080056e4       0x5c ./Drivers/STM32F1xx_HAL_Driver/Src/stm32f1xx_hal_i2c.o
 .text.HAL_RCC_OscConfig
                0x08005740      0x504 ./Drivers/STM32F1xx_HAL_Driver/Src/stm32f1xx_hal_rcc.o
                0x08005740                HAL_RCC_OscConfig
 .text.HAL_RCC_ClockConfig
                0x08005c44      0x1d4 ./Drivers/STM32F1xx_HAL_Driver/Src/stm32f1xx_hal_rcc.o
                0x08005c44                HAL_RCC_ClockConfig
 .text.HAL_RCC_GetSysClockFreq
                0x08005e18       0xa8 ./Drivers/STM32F1xx_HAL_Driver/Src/stm32f1xx_hal_rcc.o
                0x08005e18                HAL_RCC_GetSysClockFreq
 .text.HAL_RCC_GetHCLKFreq
                0x08005ec0       0x14 ./Drivers/STM32F1xx_HAL_Driver/Src/stm32f1xx_hal_rcc.o
                0x08005ec0                HAL_RCC_GetHCLKFreq
 .text.HAL_RCC_GetPCLK1Freq
                0x08005ed4       0x28 ./Drivers/STM32F1xx_HAL_Driver/Src/stm32f1xx_hal_rcc.o
                0x08005ed4                HAL_RCC_GetPCLK1Freq
 .text.HAL_RCC_GetPCLK2Freq
                0x08005efc       0x28 ./Drivers/STM32F1xx_HAL_Driver/Src/stm32f1xx_hal_rcc.o
                0x08005efc                HAL_RCC_GetPCLK2Freq
 .text.HAL_RCC_GetClockConfig
                0x08005f24       0x60 ./Drivers/STM32F1xx_HAL_Driver/Src/stm32f1xx_hal_rcc.o
                0x08005f24                HAL_RCC_GetClockConfig
 .text.RCC_Delay
                0x08005f84       0x3c ./Drivers/STM32F1xx_HAL_Driver/Src/stm32f1xx_hal_rcc.o
 .text.HAL_RCCEx_PeriphCLKConfig
                0x08005fc0      0x16c ./Drivers/STM32F1xx_HAL_Driver/Src/stm32f1xx_hal_rcc_ex.o
                0x08005fc0                HAL_RCCEx_PeriphCLKConfig
 .text.HAL_RCCEx_GetPeriphCLKFreq
                0x0800612c      0x16c ./Drivers/STM32F1xx_HAL_Driver/Src/stm32f1xx_hal_rcc_ex.o
                0x0800612c                HAL_RCCEx_GetPeriphCLKFreq
 .text.HAL_TIM_Base_Init
                0x08006298       0x9e ./Drivers/STM32F1xx_HAL_Driver/Src/stm32f1xx_hal_tim.o
                0x08006298                HAL_TIM_Base_Init
 *fill*         0x08006336        0x2 
 .text.HAL_TIM_Base_Start_IT
                0x08006338       0xa4 ./Drivers/STM32F1xx_HAL_Driver/Src/stm32f1xx_hal_tim.o
                0x08006338                HAL_TIM_Base_Start_IT
 .text.HAL_TIM_Base_Stop_IT
                0x080063dc       0x5c ./Drivers/STM32F1xx_HAL_Driver/Src/stm32f1xx_hal_tim.o
                0x080063dc                HAL_TIM_Base_Stop_IT
 .text.HAL_TIM_PWM_Init
                0x08006438       0x9e ./Drivers/STM32F1xx_HAL_Driver/Src/stm32f1xx_hal_tim.o
                0x08006438                HAL_TIM_PWM_Init
 .text.HAL_TIM_PWM_MspInit
                0x080064d6       0x12 ./Drivers/STM32F1xx_HAL_Driver/Src/stm32f1xx_hal_tim.o
                0x080064d6                HAL_TIM_PWM_MspInit
 .text.HAL_TIM_PWM_Start_DMA
                0x080064e8      0x344 ./Drivers/STM32F1xx_HAL_Driver/Src/stm32f1xx_hal_tim.o
                0x080064e8                HAL_TIM_PWM_Start_DMA
 .text.HAL_TIM_PWM_Stop_DMA
                0x0800682c      0x18c ./Drivers/STM32F1xx_HAL_Driver/Src/stm32f1xx_hal_tim.o
                0x0800682c                HAL_TIM_PWM_Stop_DMA
 .text.HAL_TIM_IRQHandler
                0x080069b8      0x210 ./Drivers/STM32F1xx_HAL_Driver/Src/stm32f1xx_hal_tim.o
                0x080069b8                HAL_TIM_IRQHandler
 .text.HAL_TIM_PWM_ConfigChannel
                0x08006bc8      0x184 ./Drivers/STM32F1xx_HAL_Driver/Src/stm32f1xx_hal_tim.o
                0x08006bc8                HAL_TIM_PWM_ConfigChannel
 .text.HAL_TIM_ConfigClockSource
                0x08006d4c      0x18e ./Drivers/STM32F1xx_HAL_Driver/Src/stm32f1xx_hal_tim.o
                0x08006d4c                HAL_TIM_ConfigClockSource
 .text.HAL_TIM_OC_DelayElapsedCallback
                0x08006eda       0x12 ./Drivers/STM32F1xx_HAL_Driver/Src/stm32f1xx_hal_tim.o
                0x08006eda                HAL_TIM_OC_DelayElapsedCallback
 .text.HAL_TIM_IC_CaptureCallback
                0x08006eec       0x12 ./Drivers/STM32F1xx_HAL_Driver/Src/stm32f1xx_hal_tim.o
                0x08006eec                HAL_TIM_IC_CaptureCallback
 .text.HAL_TIM_PWM_PulseFinishedCallback
                0x08006efe       0x12 ./Drivers/STM32F1xx_HAL_Driver/Src/stm32f1xx_hal_tim.o
                0x08006efe                HAL_TIM_PWM_PulseFinishedCallback
 .text.HAL_TIM_PWM_PulseFinishedHalfCpltCallback
                0x08006f10       0x12 ./Drivers/STM32F1xx_HAL_Driver/Src/stm32f1xx_hal_tim.o
                0x08006f10                HAL_TIM_PWM_PulseFinishedHalfCpltCallback
 .text.HAL_TIM_TriggerCallback
                0x08006f22       0x12 ./Drivers/STM32F1xx_HAL_Driver/Src/stm32f1xx_hal_tim.o
                0x08006f22                HAL_TIM_TriggerCallback
 .text.HAL_TIM_ErrorCallback
                0x08006f34       0x12 ./Drivers/STM32F1xx_HAL_Driver/Src/stm32f1xx_hal_tim.o
                0x08006f34                HAL_TIM_ErrorCallback
 .text.TIM_DMAError
                0x08006f46       0x92 ./Drivers/STM32F1xx_HAL_Driver/Src/stm32f1xx_hal_tim.o
                0x08006f46                TIM_DMAError
 .text.TIM_DMADelayPulseCplt
                0x08006fd8       0xa8 ./Drivers/STM32F1xx_HAL_Driver/Src/stm32f1xx_hal_tim.o
 .text.TIM_DMADelayPulseHalfCplt
                0x08007080       0x68 ./Drivers/STM32F1xx_HAL_Driver/Src/stm32f1xx_hal_tim.o
                0x08007080                TIM_DMADelayPulseHalfCplt
 .text.TIM_Base_SetConfig
                0x080070e8       0xc4 ./Drivers/STM32F1xx_HAL_Driver/Src/stm32f1xx_hal_tim.o
                0x080070e8                TIM_Base_SetConfig
 .text.TIM_OC1_SetConfig
                0x080071ac       0xcc ./Drivers/STM32F1xx_HAL_Driver/Src/stm32f1xx_hal_tim.o
 .text.TIM_OC2_SetConfig
                0x08007278       0xd4 ./Drivers/STM32F1xx_HAL_Driver/Src/stm32f1xx_hal_tim.o
                0x08007278                TIM_OC2_SetConfig
 .text.TIM_OC3_SetConfig
                0x0800734c       0xd4 ./Drivers/STM32F1xx_HAL_Driver/Src/stm32f1xx_hal_tim.o
 .text.TIM_OC4_SetConfig
                0x08007420       0x9c ./Drivers/STM32F1xx_HAL_Driver/Src/stm32f1xx_hal_tim.o
 .text.TIM_TI1_ConfigInputStage
                0x080074bc       0x5c ./Drivers/STM32F1xx_HAL_Driver/Src/stm32f1xx_hal_tim.o
 .text.TIM_TI2_ConfigInputStage
                0x08007518       0x5e ./Drivers/STM32F1xx_HAL_Driver/Src/stm32f1xx_hal_tim.o
 .text.TIM_ITRx_SetConfig
                0x08007576       0x34 ./Drivers/STM32F1xx_HAL_Driver/Src/stm32f1xx_hal_tim.o
 .text.TIM_ETR_SetConfig
                0x080075aa       0x3e ./Drivers/STM32F1xx_HAL_Driver/Src/stm32f1xx_hal_tim.o
                0x080075aa                TIM_ETR_SetConfig
 .text.TIM_CCxChannelCmd
                0x080075e8       0x48 ./Drivers/STM32F1xx_HAL_Driver/Src/stm32f1xx_hal_tim.o
                0x080075e8                TIM_CCxChannelCmd
 .text.HAL_TIMEx_MasterConfigSynchronization
                0x08007630       0xbc ./Drivers/STM32F1xx_HAL_Driver/Src/stm32f1xx_hal_tim_ex.o
                0x08007630                HAL_TIMEx_MasterConfigSynchronization
 .text.HAL_TIMEx_CommutCallback
                0x080076ec       0x12 ./Drivers/STM32F1xx_HAL_Driver/Src/stm32f1xx_hal_tim_ex.o
                0x080076ec                HAL_TIMEx_CommutCallback
 .text.HAL_TIMEx_BreakCallback
                0x080076fe       0x12 ./Drivers/STM32F1xx_HAL_Driver/Src/stm32f1xx_hal_tim_ex.o
                0x080076fe                HAL_TIMEx_BreakCallback
 .text.HAL_UART_Init
                0x08007710       0xa0 ./Drivers/STM32F1xx_HAL_Driver/Src/stm32f1xx_hal_uart.o
                0x08007710                HAL_UART_Init
 .text.HAL_UART_Transmit
                0x080077b0      0x106 ./Drivers/STM32F1xx_HAL_Driver/Src/stm32f1xx_hal_uart.o
                0x080077b0                HAL_UART_Transmit
 .text.UART_WaitOnFlagUntilTimeout
                0x080078b6       0xdc ./Drivers/STM32F1xx_HAL_Driver/Src/stm32f1xx_hal_uart.o
 *fill*         0x08007992        0x2 
 .text.UART_SetConfig
                0x08007994      0x11c ./Drivers/STM32F1xx_HAL_Driver/Src/stm32f1xx_hal_uart.o
 .text.osKernelInitialize
                0x08007ab0       0x64 ./Middlewares/Third_Party/FreeRTOS/Source/CMSIS_RTOS_V2/cmsis_os2.o
                0x08007ab0                osKernelInitialize
 .text.osKernelStart
                0x08007b14       0x68 ./Middlewares/Third_Party/FreeRTOS/Source/CMSIS_RTOS_V2/cmsis_os2.o
                0x08007b14                osKernelStart
 .text.osThreadNew
                0x08007b7c      0x154 ./Middlewares/Third_Party/FreeRTOS/Source/CMSIS_RTOS_V2/cmsis_os2.o
                0x08007b7c                osThreadNew
 .text.osThreadGetStackSpace
                0x08007cd0       0x5c ./Middlewares/Third_Party/FreeRTOS/Source/CMSIS_RTOS_V2/cmsis_os2.o
                0x08007cd0                osThreadGetStackSpace
 .text.osDelay  0x08007d2c       0x5c ./Middlewares/Third_Party/FreeRTOS/Source/CMSIS_RTOS_V2/cmsis_os2.o
                0x08007d2c                osDelay
 .text.osMessageQueueNew
                0x08007d88      0x10c ./Middlewares/Third_Party/FreeRTOS/Source/CMSIS_RTOS_V2/cmsis_os2.o
                0x08007d88                osMessageQueueNew
 .text.osMessageQueuePut
                0x08007e94       0xe8 ./Middlewares/Third_Party/FreeRTOS/Source/CMSIS_RTOS_V2/cmsis_os2.o
                0x08007e94                osMessageQueuePut
 .text.osMessageQueueGet
                0x08007f7c       0xe4 ./Middlewares/Third_Party/FreeRTOS/Source/CMSIS_RTOS_V2/cmsis_os2.o
                0x08007f7c                osMessageQueueGet
 .text.osMessageQueueGetSpace
                0x08008060       0x90 ./Middlewares/Third_Party/FreeRTOS/Source/CMSIS_RTOS_V2/cmsis_os2.o
                0x08008060                osMessageQueueGetSpace
 .text.vApplicationGetIdleTaskMemory
                0x080080f0       0x30 ./Middlewares/Third_Party/FreeRTOS/Source/CMSIS_RTOS_V2/cmsis_os2.o
                0x080080f0                vApplicationGetIdleTaskMemory
 .text.vApplicationGetTimerTaskMemory
                0x08008120       0x34 ./Middlewares/Third_Party/FreeRTOS/Source/CMSIS_RTOS_V2/cmsis_os2.o
                0x08008120                vApplicationGetTimerTaskMemory
 .text.vListInitialise
                0x08008154       0x3e ./Middlewares/Third_Party/FreeRTOS/Source/list.o
                0x08008154                vListInitialise
 .text.vListInitialiseItem
                0x08008192       0x18 ./Middlewares/Third_Party/FreeRTOS/Source/list.o
                0x08008192                vListInitialiseItem
 .text.vListInsertEnd
                0x080081aa       0x46 ./Middlewares/Third_Party/FreeRTOS/Source/list.o
                0x080081aa                vListInsertEnd
 .text.vListInsert
                0x080081f0       0x70 ./Middlewares/Third_Party/FreeRTOS/Source/list.o
                0x080081f0                vListInsert
 .text.uxListRemove
                0x08008260       0x52 ./Middlewares/Third_Party/FreeRTOS/Source/list.o
                0x08008260                uxListRemove
 *fill*         0x080082b2        0x2 
 .text.xQueueGenericReset
                0x080082b4       0xd4 ./Middlewares/Third_Party/FreeRTOS/Source/queue.o
                0x080082b4                xQueueGenericReset
 .text.xQueueGenericCreateStatic
                0x08008388       0xf8 ./Middlewares/Third_Party/FreeRTOS/Source/queue.o
                0x08008388                xQueueGenericCreateStatic
 .text.xQueueGenericCreate
                0x08008480       0x7e ./Middlewares/Third_Party/FreeRTOS/Source/queue.o
                0x08008480                xQueueGenericCreate
 .text.prvInitialiseNewQueue
                0x080084fe       0x46 ./Middlewares/Third_Party/FreeRTOS/Source/queue.o
 .text.xQueueGenericSend
                0x08008544      0x204 ./Middlewares/Third_Party/FreeRTOS/Source/queue.o
                0x08008544                xQueueGenericSend
 .text.xQueueGenericSendFromISR
                0x08008748      0x136 ./Middlewares/Third_Party/FreeRTOS/Source/queue.o
                0x08008748                xQueueGenericSendFromISR
 *fill*         0x0800887e        0x2 
 .text.xQueueReceive
                0x08008880      0x1c4 ./Middlewares/Third_Party/FreeRTOS/Source/queue.o
                0x08008880                xQueueReceive
 .text.xQueueReceiveFromISR
                0x08008a44      0x104 ./Middlewares/Third_Party/FreeRTOS/Source/queue.o
                0x08008a44                xQueueReceiveFromISR
 .text.uxQueueSpacesAvailable
                0x08008b48       0x48 ./Middlewares/Third_Party/FreeRTOS/Source/queue.o
                0x08008b48                uxQueueSpacesAvailable
 .text.prvCopyDataToQueue
                0x08008b90       0xd4 ./Middlewares/Third_Party/FreeRTOS/Source/queue.o
 .text.prvCopyDataFromQueue
                0x08008c64       0x4c ./Middlewares/Third_Party/FreeRTOS/Source/queue.o
 .text.prvUnlockQueue
                0x08008cb0       0xa4 ./Middlewares/Third_Party/FreeRTOS/Source/queue.o
 .text.prvIsQueueEmpty
                0x08008d54       0x2c ./Middlewares/Third_Party/FreeRTOS/Source/queue.o
 .text.prvIsQueueFull
                0x08008d80       0x30 ./Middlewares/Third_Party/FreeRTOS/Source/queue.o
 .text.vQueueAddToRegistry
                0x08008db0       0x50 ./Middlewares/Third_Party/FreeRTOS/Source/queue.o
                0x08008db0                vQueueAddToRegistry
 .text.vQueueWaitForMessageRestricted
                0x08008e00       0x68 ./Middlewares/Third_Party/FreeRTOS/Source/queue.o
                0x08008e00                vQueueWaitForMessageRestricted
 .text.xTaskCreateStatic
                0x08008e68       0xbe ./Middlewares/Third_Party/FreeRTOS/Source/tasks.o
                0x08008e68                xTaskCreateStatic
 .text.xTaskCreate
                0x08008f26       0x8a ./Middlewares/Third_Party/FreeRTOS/Source/tasks.o
                0x08008f26                xTaskCreate
 .text.prvInitialiseNewTask
                0x08008fb0      0x144 ./Middlewares/Third_Party/FreeRTOS/Source/tasks.o
 .text.prvAddNewTaskToReadyList
                0x080090f4       0xe0 ./Middlewares/Third_Party/FreeRTOS/Source/tasks.o
 .text.vTaskDelay
                0x080091d4       0x6c ./Middlewares/Third_Party/FreeRTOS/Source/tasks.o
                0x080091d4                vTaskDelay
 .text.vTaskStartScheduler
                0x08009240       0xe0 ./Middlewares/Third_Party/FreeRTOS/Source/tasks.o
                0x08009240                vTaskStartScheduler
 .text.vTaskSuspendAll
                0x08009320       0x1c ./Middlewares/Third_Party/FreeRTOS/Source/tasks.o
                0x08009320                vTaskSuspendAll
 .text.xTaskResumeAll
                0x0800933c      0x13c ./Middlewares/Third_Party/FreeRTOS/Source/tasks.o
                0x0800933c                xTaskResumeAll
 .text.xTaskGetTickCount
                0x08009478       0x1c ./Middlewares/Third_Party/FreeRTOS/Source/tasks.o
                0x08009478                xTaskGetTickCount
 .text.xTaskIncrementTick
                0x08009494      0x180 ./Middlewares/Third_Party/FreeRTOS/Source/tasks.o
                0x08009494                xTaskIncrementTick
 .text.vTaskSetApplicationTaskTag
                0x08009614       0x38 ./Middlewares/Third_Party/FreeRTOS/Source/tasks.o
                0x08009614                vTaskSetApplicationTaskTag
 .text.vTaskSwitchContext
                0x0800964c       0xe0 ./Middlewares/Third_Party/FreeRTOS/Source/tasks.o
                0x0800964c                vTaskSwitchContext
 .text.vTaskPlaceOnEventList
                0x0800972c       0x4c ./Middlewares/Third_Party/FreeRTOS/Source/tasks.o
                0x0800972c                vTaskPlaceOnEventList
 .text.vTaskPlaceOnEventListRestricted
                0x08009778       0x58 ./Middlewares/Third_Party/FreeRTOS/Source/tasks.o
                0x08009778                vTaskPlaceOnEventListRestricted
 .text.xTaskRemoveFromEventList
                0x080097d0       0xc8 ./Middlewares/Third_Party/FreeRTOS/Source/tasks.o
                0x080097d0                xTaskRemoveFromEventList
 .text.vTaskInternalSetTimeOutState
                0x08009898       0x2c ./Middlewares/Third_Party/FreeRTOS/Source/tasks.o
                0x08009898                vTaskInternalSetTimeOutState
 .text.xTaskCheckForTimeOut
                0x080098c4       0xc8 ./Middlewares/Third_Party/FreeRTOS/Source/tasks.o
                0x080098c4                xTaskCheckForTimeOut
 .text.vTaskMissedYield
                0x0800998c       0x18 ./Middlewares/Third_Party/FreeRTOS/Source/tasks.o
                0x0800998c                vTaskMissedYield
 .text.prvIdleTask
                0x080099a4       0x30 ./Middlewares/Third_Party/FreeRTOS/Source/tasks.o
 .text.prvInitialiseTaskLists
                0x080099d4       0x80 ./Middlewares/Third_Party/FreeRTOS/Source/tasks.o
 .text.prvCheckTasksWaitingTermination
                0x08009a54       0x5c ./Middlewares/Third_Party/FreeRTOS/Source/tasks.o
 .text.prvTaskCheckFreeStackSpace
                0x08009ab0       0x36 ./Middlewares/Third_Party/FreeRTOS/Source/tasks.o
 *fill*         0x08009ae6        0x2 
 .text.uxTaskGetStackHighWaterMark
                0x08009ae8       0x38 ./Middlewares/Third_Party/FreeRTOS/Source/tasks.o
                0x08009ae8                uxTaskGetStackHighWaterMark
 .text.prvDeleteTCB
                0x08009b20       0x6a ./Middlewares/Third_Party/FreeRTOS/Source/tasks.o
 *fill*         0x08009b8a        0x2 
 .text.prvResetNextTaskUnblockTime
                0x08009b8c       0x48 ./Middlewares/Third_Party/FreeRTOS/Source/tasks.o
 .text.xTaskGetSchedulerState
                0x08009bd4       0x3c ./Middlewares/Third_Party/FreeRTOS/Source/tasks.o
                0x08009bd4                xTaskGetSchedulerState
 .text.xTaskPriorityDisinherit
                0x08009c10       0xe0 ./Middlewares/Third_Party/FreeRTOS/Source/tasks.o
                0x08009c10                xTaskPriorityDisinherit
 .text.ulTaskNotifyTake
                0x08009cf0       0x98 ./Middlewares/Third_Party/FreeRTOS/Source/tasks.o
                0x08009cf0                ulTaskNotifyTake
 .text.xTaskGenericNotify
                0x08009d88      0x15c ./Middlewares/Third_Party/FreeRTOS/Source/tasks.o
                0x08009d88                xTaskGenericNotify
 .text.prvAddCurrentTaskToDelayedList
                0x08009ee4       0xa8 ./Middlewares/Third_Party/FreeRTOS/Source/tasks.o
 .text.xTimerCreateTimerTask
                0x08009f8c       0x94 ./Middlewares/Third_Party/FreeRTOS/Source/timers.o
                0x08009f8c                xTimerCreateTimerTask
 .text.xTimerGenericCommand
                0x0800a020       0x9c ./Middlewares/Third_Party/FreeRTOS/Source/timers.o
                0x0800a020                xTimerGenericCommand
 .text.prvProcessExpiredTimer
                0x0800a0bc       0x84 ./Middlewares/Third_Party/FreeRTOS/Source/timers.o
 .text.prvTimerTask
                0x0800a140       0x26 ./Middlewares/Third_Party/FreeRTOS/Source/timers.o
 *fill*         0x0800a166        0x2 
 .text.prvProcessTimerOrBlockTask
                0x0800a168       0x9c ./Middlewares/Third_Party/FreeRTOS/Source/timers.o
 .text.prvGetNextExpireTime
                0x0800a204       0x48 ./Middlewares/Third_Party/FreeRTOS/Source/timers.o
 .text.prvSampleTimeNow
                0x0800a24c       0x40 ./Middlewares/Third_Party/FreeRTOS/Source/timers.o
 .text.prvInsertTimerInActiveList
                0x0800a28c       0x84 ./Middlewares/Third_Party/FreeRTOS/Source/timers.o
 .text.prvProcessReceivedCommands
                0x0800a310      0x178 ./Middlewares/Third_Party/FreeRTOS/Source/timers.o
 .text.prvSwitchTimerLists
                0x0800a488       0xc4 ./Middlewares/Third_Party/FreeRTOS/Source/timers.o
 .text.prvCheckForValidListAndQueue
                0x0800a54c       0x80 ./Middlewares/Third_Party/FreeRTOS/Source/timers.o
 .text.pxPortInitialiseStack
                0x0800a5cc       0x58 ./Middlewares/Third_Party/FreeRTOS/Source/portable/GCC/ARM_CM3/port.o
                0x0800a5cc                pxPortInitialiseStack
 .text.prvTaskExitError
                0x0800a624       0x58 ./Middlewares/Third_Party/FreeRTOS/Source/portable/GCC/ARM_CM3/port.o
 *fill*         0x0800a67c        0x4 
 .text.SVC_Handler
                0x0800a680       0x28 ./Middlewares/Third_Party/FreeRTOS/Source/portable/GCC/ARM_CM3/port.o
                0x0800a680                SVC_Handler
 .text.prvPortStartFirstTask
                0x0800a6a8       0x20 ./Middlewares/Third_Party/FreeRTOS/Source/portable/GCC/ARM_CM3/port.o
 .text.xPortStartScheduler
                0x0800a6c8       0xe4 ./Middlewares/Third_Party/FreeRTOS/Source/portable/GCC/ARM_CM3/port.o
                0x0800a6c8                xPortStartScheduler
 .text.vPortEnterCritical
                0x0800a7ac       0x60 ./Middlewares/Third_Party/FreeRTOS/Source/portable/GCC/ARM_CM3/port.o
                0x0800a7ac                vPortEnterCritical
 .text.vPortExitCritical
                0x0800a80c       0x54 ./Middlewares/Third_Party/FreeRTOS/Source/portable/GCC/ARM_CM3/port.o
                0x0800a80c                vPortExitCritical
 .text.PendSV_Handler
                0x0800a860       0x48 ./Middlewares/Third_Party/FreeRTOS/Source/portable/GCC/ARM_CM3/port.o
                0x0800a860                PendSV_Handler
 .text.SysTick_Handler
                0x0800a8a8       0x44 ./Middlewares/Third_Party/FreeRTOS/Source/portable/GCC/ARM_CM3/port.o
                0x0800a8a8                SysTick_Handler
 .text.vPortSetupTimerInterrupt
                0x0800a8ec       0x44 ./Middlewares/Third_Party/FreeRTOS/Source/portable/GCC/ARM_CM3/port.o
                0x0800a8ec                vPortSetupTimerInterrupt
 .text.vPortValidateInterruptPriority
                0x0800a930       0x80 ./Middlewares/Third_Party/FreeRTOS/Source/portable/GCC/ARM_CM3/port.o
                0x0800a930                vPortValidateInterruptPriority
 .text.pvPortMalloc
                0x0800a9b0      0x190 ./Middlewares/Third_Party/FreeRTOS/Source/portable/MemMang/heap_4.o
                0x0800a9b0                pvPortMalloc
 .text.vPortFree
                0x0800ab40       0xb8 ./Middlewares/Third_Party/FreeRTOS/Source/portable/MemMang/heap_4.o
                0x0800ab40                vPortFree
 .text.xPortGetFreeHeapSize
                0x0800abf8       0x14 ./Middlewares/Third_Party/FreeRTOS/Source/portable/MemMang/heap_4.o
                0x0800abf8                xPortGetFreeHeapSize
 .text.prvHeapInit
                0x0800ac0c       0xc4 ./Middlewares/Third_Party/FreeRTOS/Source/portable/MemMang/heap_4.o
 .text.prvInsertBlockIntoFreeList
                0x0800acd0       0xb0 ./Middlewares/Third_Party/FreeRTOS/Source/portable/MemMang/heap_4.o
 .text.sprintf  0x0800ad80       0x40 C:/ST/STM32CubeIDE_1.16.0/STM32CubeIDE/plugins/com.st.stm32cube.ide.mcu.externaltools.gnu-tools-for-stm32.12.3.rel1.win32_1.0.200.202406191623/tools/bin/../lib/gcc/arm-none-eabi/12.3.1/../../../../arm-none-eabi/lib/thumb/v7-m/nofp\libc_nano.a(libc_a-sprintf.o)
                0x0800ad80                siprintf
                0x0800ad80                sprintf
 .text.memset   0x0800adc0       0x10 C:/ST/STM32CubeIDE_1.16.0/STM32CubeIDE/plugins/com.st.stm32cube.ide.mcu.externaltools.gnu-tools-for-stm32.12.3.rel1.win32_1.0.200.202406191623/tools/bin/../lib/gcc/arm-none-eabi/12.3.1/../../../../arm-none-eabi/lib/thumb/v7-m/nofp\libc_nano.a(libc_a-memset.o)
                0x0800adc0                memset
 .text._reclaim_reent
                0x0800add0       0xac C:/ST/STM32CubeIDE_1.16.0/STM32CubeIDE/plugins/com.st.stm32cube.ide.mcu.externaltools.gnu-tools-for-stm32.12.3.rel1.win32_1.0.200.202406191623/tools/bin/../lib/gcc/arm-none-eabi/12.3.1/../../../../arm-none-eabi/lib/thumb/v7-m/nofp\libc_nano.a(libc_a-reent.o)
                0x0800add0                _reclaim_reent
 .text.__errno  0x0800ae7c        0xc C:/ST/STM32CubeIDE_1.16.0/STM32CubeIDE/plugins/com.st.stm32cube.ide.mcu.externaltools.gnu-tools-for-stm32.12.3.rel1.win32_1.0.200.202406191623/tools/bin/../lib/gcc/arm-none-eabi/12.3.1/../../../../arm-none-eabi/lib/thumb/v7-m/nofp\libc_nano.a(libc_a-errno.o)
                0x0800ae7c                __errno
 .text.__libc_init_array
                0x0800ae88       0x48 C:/ST/STM32CubeIDE_1.16.0/STM32CubeIDE/plugins/com.st.stm32cube.ide.mcu.externaltools.gnu-tools-for-stm32.12.3.rel1.win32_1.0.200.202406191623/tools/bin/../lib/gcc/arm-none-eabi/12.3.1/../../../../arm-none-eabi/lib/thumb/v7-m/nofp\libc_nano.a(libc_a-init.o)
                0x0800ae88                __libc_init_array
 .text.__retarget_lock_acquire_recursive
                0x0800aed0        0x2 C:/ST/STM32CubeIDE_1.16.0/STM32CubeIDE/plugins/com.st.stm32cube.ide.mcu.externaltools.gnu-tools-for-stm32.12.3.rel1.win32_1.0.200.202406191623/tools/bin/../lib/gcc/arm-none-eabi/12.3.1/../../../../arm-none-eabi/lib/thumb/v7-m/nofp\libc_nano.a(libc_a-lock.o)
                0x0800aed0                __retarget_lock_acquire_recursive
 .text.__retarget_lock_release_recursive
                0x0800aed2        0x2 C:/ST/STM32CubeIDE_1.16.0/STM32CubeIDE/plugins/com.st.stm32cube.ide.mcu.externaltools.gnu-tools-for-stm32.12.3.rel1.win32_1.0.200.202406191623/tools/bin/../lib/gcc/arm-none-eabi/12.3.1/../../../../arm-none-eabi/lib/thumb/v7-m/nofp\libc_nano.a(libc_a-lock.o)
                0x0800aed2                __retarget_lock_release_recursive
 .text.memcpy   0x0800aed4       0x1c C:/ST/STM32CubeIDE_1.16.0/STM32CubeIDE/plugins/com.st.stm32cube.ide.mcu.externaltools.gnu-tools-for-stm32.12.3.rel1.win32_1.0.200.202406191623/tools/bin/../lib/gcc/arm-none-eabi/12.3.1/../../../../arm-none-eabi/lib/thumb/v7-m/nofp\libc_nano.a(libc_a-memcpy-stub.o)
                0x0800aed4                memcpy
 .text._free_r  0x0800aef0       0x90 C:/ST/STM32CubeIDE_1.16.0/STM32CubeIDE/plugins/com.st.stm32cube.ide.mcu.externaltools.gnu-tools-for-stm32.12.3.rel1.win32_1.0.200.202406191623/tools/bin/../lib/gcc/arm-none-eabi/12.3.1/../../../../arm-none-eabi/lib/thumb/v7-m/nofp\libc_nano.a(libc_a-freer.o)
                0x0800aef0                _free_r
 .text.sbrk_aligned
                0x0800af80       0x44 C:/ST/STM32CubeIDE_1.16.0/STM32CubeIDE/plugins/com.st.stm32cube.ide.mcu.externaltools.gnu-tools-for-stm32.12.3.rel1.win32_1.0.200.202406191623/tools/bin/../lib/gcc/arm-none-eabi/12.3.1/../../../../arm-none-eabi/lib/thumb/v7-m/nofp\libc_nano.a(libc_a-mallocr.o)
 .text._malloc_r
                0x0800afc4      0x100 C:/ST/STM32CubeIDE_1.16.0/STM32CubeIDE/plugins/com.st.stm32cube.ide.mcu.externaltools.gnu-tools-for-stm32.12.3.rel1.win32_1.0.200.202406191623/tools/bin/../lib/gcc/arm-none-eabi/12.3.1/../../../../arm-none-eabi/lib/thumb/v7-m/nofp\libc_nano.a(libc_a-mallocr.o)
                0x0800afc4                _malloc_r
 .text.__malloc_lock
                0x0800b0c4        0xc C:/ST/STM32CubeIDE_1.16.0/STM32CubeIDE/plugins/com.st.stm32cube.ide.mcu.externaltools.gnu-tools-for-stm32.12.3.rel1.win32_1.0.200.202406191623/tools/bin/../lib/gcc/arm-none-eabi/12.3.1/../../../../arm-none-eabi/lib/thumb/v7-m/nofp\libc_nano.a(libc_a-mlock.o)
                0x0800b0c4                __malloc_lock
 .text.__malloc_unlock
                0x0800b0d0        0xc C:/ST/STM32CubeIDE_1.16.0/STM32CubeIDE/plugins/com.st.stm32cube.ide.mcu.externaltools.gnu-tools-for-stm32.12.3.rel1.win32_1.0.200.202406191623/tools/bin/../lib/gcc/arm-none-eabi/12.3.1/../../../../arm-none-eabi/lib/thumb/v7-m/nofp\libc_nano.a(libc_a-mlock.o)
                0x0800b0d0                __malloc_unlock
 .text.__ssputs_r
                0x0800b0dc       0xb6 C:/ST/STM32CubeIDE_1.16.0/STM32CubeIDE/plugins/com.st.stm32cube.ide.mcu.externaltools.gnu-tools-for-stm32.12.3.rel1.win32_1.0.200.202406191623/tools/bin/../lib/gcc/arm-none-eabi/12.3.1/../../../../arm-none-eabi/lib/thumb/v7-m/nofp\libc_nano.a(libc_a-nano-svfprintf.o)
                0x0800b0dc                __ssputs_r
 *fill*         0x0800b192        0x2 
 .text._svfprintf_r
                0x0800b194      0x1f8 C:/ST/STM32CubeIDE_1.16.0/STM32CubeIDE/plugins/com.st.stm32cube.ide.mcu.externaltools.gnu-tools-for-stm32.12.3.rel1.win32_1.0.200.202406191623/tools/bin/../lib/gcc/arm-none-eabi/12.3.1/../../../../arm-none-eabi/lib/thumb/v7-m/nofp\libc_nano.a(libc_a-nano-svfprintf.o)
                0x0800b194                _svfiprintf_r
                0x0800b194                _svfprintf_r
 .text._printf_common
                0x0800b38c       0xe4 C:/ST/STM32CubeIDE_1.16.0/STM32CubeIDE/plugins/com.st.stm32cube.ide.mcu.externaltools.gnu-tools-for-stm32.12.3.rel1.win32_1.0.200.202406191623/tools/bin/../lib/gcc/arm-none-eabi/12.3.1/../../../../arm-none-eabi/lib/thumb/v7-m/nofp\libc_nano.a(libc_a-nano-vfprintf_i.o)
                0x0800b38c                _printf_common
 .text._printf_i
                0x0800b470      0x240 C:/ST/STM32CubeIDE_1.16.0/STM32CubeIDE/plugins/com.st.stm32cube.ide.mcu.externaltools.gnu-tools-for-stm32.12.3.rel1.win32_1.0.200.202406191623/tools/bin/../lib/gcc/arm-none-eabi/12.3.1/../../../../arm-none-eabi/lib/thumb/v7-m/nofp\libc_nano.a(libc_a-nano-vfprintf_i.o)
                0x0800b470                _printf_i
 .text.memmove  0x0800b6b0       0x34 C:/ST/STM32CubeIDE_1.16.0/STM32CubeIDE/plugins/com.st.stm32cube.ide.mcu.externaltools.gnu-tools-for-stm32.12.3.rel1.win32_1.0.200.202406191623/tools/bin/../lib/gcc/arm-none-eabi/12.3.1/../../../../arm-none-eabi/lib/thumb/v7-m/nofp\libc_nano.a(libc_a-memmove.o)
                0x0800b6b0                memmove
 .text._sbrk_r  0x0800b6e4       0x20 C:/ST/STM32CubeIDE_1.16.0/STM32CubeIDE/plugins/com.st.stm32cube.ide.mcu.externaltools.gnu-tools-for-stm32.12.3.rel1.win32_1.0.200.202406191623/tools/bin/../lib/gcc/arm-none-eabi/12.3.1/../../../../arm-none-eabi/lib/thumb/v7-m/nofp\libc_nano.a(libc_a-sbrkr.o)
                0x0800b6e4                _sbrk_r
 .text.memchr   0x0800b704       0x1c C:/ST/STM32CubeIDE_1.16.0/STM32CubeIDE/plugins/com.st.stm32cube.ide.mcu.externaltools.gnu-tools-for-stm32.12.3.rel1.win32_1.0.200.202406191623/tools/bin/../lib/gcc/arm-none-eabi/12.3.1/../../../../arm-none-eabi/lib/thumb/v7-m/nofp\libc_nano.a(libc_a-memchr-stub.o)
                0x0800b704                memchr
 .text._realloc_r
                0x0800b720       0x5c C:/ST/STM32CubeIDE_1.16.0/STM32CubeIDE/plugins/com.st.stm32cube.ide.mcu.externaltools.gnu-tools-for-stm32.12.3.rel1.win32_1.0.200.202406191623/tools/bin/../lib/gcc/arm-none-eabi/12.3.1/../../../../arm-none-eabi/lib/thumb/v7-m/nofp\libc_nano.a(libc_a-reallocr.o)
                0x0800b720                _realloc_r
 .text._malloc_usable_size_r
                0x0800b77c       0x10 C:/ST/STM32CubeIDE_1.16.0/STM32CubeIDE/plugins/com.st.stm32cube.ide.mcu.externaltools.gnu-tools-for-stm32.12.3.rel1.win32_1.0.200.202406191623/tools/bin/../lib/gcc/arm-none-eabi/12.3.1/../../../../arm-none-eabi/lib/thumb/v7-m/nofp\libc_nano.a(libc_a-msizer.o)
                0x0800b77c                _malloc_usable_size_r
 .text.sqrt     0x0800b78c       0x48 C:/ST/STM32CubeIDE_1.16.0/STM32CubeIDE/plugins/com.st.stm32cube.ide.mcu.externaltools.gnu-tools-for-stm32.12.3.rel1.win32_1.0.200.202406191623/tools/bin/../lib/gcc/arm-none-eabi/12.3.1/../../../../arm-none-eabi/lib/thumb/v7-m/nofp\libm.a(libm_a-w_sqrt.o)
                0x0800b78c                sqrt
 .text.sin      0x0800b7d4       0x8c C:/ST/STM32CubeIDE_1.16.0/STM32CubeIDE/plugins/com.st.stm32cube.ide.mcu.externaltools.gnu-tools-for-stm32.12.3.rel1.win32_1.0.200.202406191623/tools/bin/../lib/gcc/arm-none-eabi/12.3.1/../../../../arm-none-eabi/lib/thumb/v7-m/nofp\libm.a(libm_a-s_sin.o)
                0x0800b7d4                sin
 .text.__ieee754_sqrt
                0x0800b860      0x1ac C:/ST/STM32CubeIDE_1.16.0/STM32CubeIDE/plugins/com.st.stm32cube.ide.mcu.externaltools.gnu-tools-for-stm32.12.3.rel1.win32_1.0.200.202406191623/tools/bin/../lib/gcc/arm-none-eabi/12.3.1/../../../../arm-none-eabi/lib/thumb/v7-m/nofp\libm.a(libm_a-e_sqrt.o)
                0x0800b860                __ieee754_sqrt
 *fill*         0x0800ba0c        0x4 
 .text.__kernel_cos
                0x0800ba10      0x17c C:/ST/STM32CubeIDE_1.16.0/STM32CubeIDE/plugins/com.st.stm32cube.ide.mcu.externaltools.gnu-tools-for-stm32.12.3.rel1.win32_1.0.200.202406191623/tools/bin/../lib/gcc/arm-none-eabi/12.3.1/../../../../arm-none-eabi/lib/thumb/v7-m/nofp\libm.a(libm_a-k_cos.o)
                0x0800ba10                __kernel_cos
 *fill*         0x0800bb8c        0x4 
 .text.__kernel_sin
                0x0800bb90      0x16c C:/ST/STM32CubeIDE_1.16.0/STM32CubeIDE/plugins/com.st.stm32cube.ide.mcu.externaltools.gnu-tools-for-stm32.12.3.rel1.win32_1.0.200.202406191623/tools/bin/../lib/gcc/arm-none-eabi/12.3.1/../../../../arm-none-eabi/lib/thumb/v7-m/nofp\libm.a(libm_a-k_sin.o)
                0x0800bb90                __kernel_sin
 *fill*         0x0800bcfc        0x4 
 .text.__ieee754_rem_pio2
                0x0800bd00      0x3ec C:/ST/STM32CubeIDE_1.16.0/STM32CubeIDE/plugins/com.st.stm32cube.ide.mcu.externaltools.gnu-tools-for-stm32.12.3.rel1.win32_1.0.200.202406191623/tools/bin/../lib/gcc/arm-none-eabi/12.3.1/../../../../arm-none-eabi/lib/thumb/v7-m/nofp\libm.a(libm_a-e_rem_pio2.o)
                0x0800bd00                __ieee754_rem_pio2
 .text.fabs     0x0800c0ec        0x8 C:/ST/STM32CubeIDE_1.16.0/STM32CubeIDE/plugins/com.st.stm32cube.ide.mcu.externaltools.gnu-tools-for-stm32.12.3.rel1.win32_1.0.200.202406191623/tools/bin/../lib/gcc/arm-none-eabi/12.3.1/../../../../arm-none-eabi/lib/thumb/v7-m/nofp\libm.a(libm_a-s_fabs.o)
                0x0800c0ec                fabs
 .text.__kernel_rem_pio2
                0x0800c0f4      0x648 C:/ST/STM32CubeIDE_1.16.0/STM32CubeIDE/plugins/com.st.stm32cube.ide.mcu.externaltools.gnu-tools-for-stm32.12.3.rel1.win32_1.0.200.202406191623/tools/bin/../lib/gcc/arm-none-eabi/12.3.1/../../../../arm-none-eabi/lib/thumb/v7-m/nofp\libm.a(libm_a-k_rem_pio2.o)
                0x0800c0f4                __kernel_rem_pio2
 *fill*         0x0800c73c        0x4 
 .text.scalbn   0x0800c740       0xec C:/ST/STM32CubeIDE_1.16.0/STM32CubeIDE/plugins/com.st.stm32cube.ide.mcu.externaltools.gnu-tools-for-stm32.12.3.rel1.win32_1.0.200.202406191623/tools/bin/../lib/gcc/arm-none-eabi/12.3.1/../../../../arm-none-eabi/lib/thumb/v7-m/nofp\libm.a(libm_a-s_scalbn.o)
                0x0800c740                scalbn
 *fill*         0x0800c82c        0x4 
 .text.floor    0x0800c830      0x100 C:/ST/STM32CubeIDE_1.16.0/STM32CubeIDE/plugins/com.st.stm32cube.ide.mcu.externaltools.gnu-tools-for-stm32.12.3.rel1.win32_1.0.200.202406191623/tools/bin/../lib/gcc/arm-none-eabi/12.3.1/../../../../arm-none-eabi/lib/thumb/v7-m/nofp\libm.a(libm_a-s_floor.o)
                0x0800c830                floor
 *(.glue_7)
 .glue_7        0x0800c930        0x0 linker stubs
 *(.glue_7t)
 .glue_7t       0x0800c930        0x0 linker stubs
 *(.eh_frame)
 .eh_frame      0x0800c930        0x0 C:/ST/STM32CubeIDE_1.16.0/STM32CubeIDE/plugins/com.st.stm32cube.ide.mcu.externaltools.gnu-tools-for-stm32.12.3.rel1.win32_1.0.200.202406191623/tools/bin/../lib/gcc/arm-none-eabi/12.3.1/thumb/v7-m/nofp/crtbegin.o
 *(.init)
 .init          0x0800c930        0x4 C:/ST/STM32CubeIDE_1.16.0/STM32CubeIDE/plugins/com.st.stm32cube.ide.mcu.externaltools.gnu-tools-for-stm32.12.3.rel1.win32_1.0.200.202406191623/tools/bin/../lib/gcc/arm-none-eabi/12.3.1/thumb/v7-m/nofp/crti.o
                0x0800c930                _init
 .init          0x0800c934        0x8 C:/ST/STM32CubeIDE_1.16.0/STM32CubeIDE/plugins/com.st.stm32cube.ide.mcu.externaltools.gnu-tools-for-stm32.12.3.rel1.win32_1.0.200.202406191623/tools/bin/../lib/gcc/arm-none-eabi/12.3.1/thumb/v7-m/nofp/crtn.o
 *(.fini)
 .fini          0x0800c93c        0x4 C:/ST/STM32CubeIDE_1.16.0/STM32CubeIDE/plugins/com.st.stm32cube.ide.mcu.externaltools.gnu-tools-for-stm32.12.3.rel1.win32_1.0.200.202406191623/tools/bin/../lib/gcc/arm-none-eabi/12.3.1/thumb/v7-m/nofp/crti.o
                0x0800c93c                _fini
 .fini          0x0800c940        0x8 C:/ST/STM32CubeIDE_1.16.0/STM32CubeIDE/plugins/com.st.stm32cube.ide.mcu.externaltools.gnu-tools-for-stm32.12.3.rel1.win32_1.0.200.202406191623/tools/bin/../lib/gcc/arm-none-eabi/12.3.1/thumb/v7-m/nofp/crtn.o
                0x0800c948                        . = ALIGN (0x4)
                0x0800c948                        _etext = .

.vfp11_veneer   0x0800c948        0x0
 .vfp11_veneer  0x0800c948        0x0 linker stubs

.v4_bx          0x0800c948        0x0
 .v4_bx         0x0800c948        0x0 linker stubs

.iplt           0x0800c948        0x0
 .iplt          0x0800c948        0x0 C:/ST/STM32CubeIDE_1.16.0/STM32CubeIDE/plugins/com.st.stm32cube.ide.mcu.externaltools.gnu-tools-for-stm32.12.3.rel1.win32_1.0.200.202406191623/tools/bin/../lib/gcc/arm-none-eabi/12.3.1/thumb/v7-m/nofp/crtbegin.o

.rodata         0x0800c948     0x1900
                0x0800c948                        . = ALIGN (0x4)
 *(.rodata)
 .rodata        0x0800c948      0x104 ./Core/Src/main.o
 .rodata        0x0800ca4c       0x25 ./Core/Src/tomasitos_library.o
 *fill*         0x0800ca71        0x3 
 .rodata        0x0800ca74        0x5 ./Middlewares/Third_Party/FreeRTOS/Source/tasks.o
 *fill*         0x0800ca79        0x3 
 .rodata        0x0800ca7c        0xd ./Middlewares/Third_Party/FreeRTOS/Source/timers.o
 *(.rodata*)
 *fill*         0x0800ca89        0x3 
 .rodata.Font7x10
                0x0800ca8c      0x76c ./Core/Src/fonts.o
                0x0800ca8c                Font7x10
 .rodata.Font11x18
                0x0800d1f8      0xd5c ./Core/Src/fonts.o
                0x0800d1f8                Font11x18
 .rodata.SignalGenerator_attributes
                0x0800df54       0x24 ./Core/Src/main.o
                0x0800df54                SignalGenerator_attributes
 .rodata.ScreenControler_attributes
                0x0800df78       0x24 ./Core/Src/main.o
                0x0800df78                ScreenControler_attributes
 .rodata.InputControler_attributes
                0x0800df9c       0x24 ./Core/Src/main.o
                0x0800df9c                InputControler_attributes
 .rodata.DataControler_attributes
                0x0800dfc0       0x24 ./Core/Src/main.o
                0x0800dfc0                DataControler_attributes
 .rodata.eventa2_attributes
                0x0800dfe4       0x18 ./Core/Src/main.o
                0x0800dfe4                eventa2_attributes
 .rodata.AHBPrescTable
                0x0800dffc       0x10 ./Core/Src/system_stm32f1xx.o
                0x0800dffc                AHBPrescTable
 .rodata.APBPrescTable
                0x0800e00c        0x8 ./Core/Src/system_stm32f1xx.o
                0x0800e00c                APBPrescTable
 .rodata.aPLLMULFactorTable.1
                0x0800e014       0x10 ./Drivers/STM32F1xx_HAL_Driver/Src/stm32f1xx_hal_rcc.o
 .rodata.aPredivFactorTable.0
                0x0800e024        0x2 ./Drivers/STM32F1xx_HAL_Driver/Src/stm32f1xx_hal_rcc.o
 *fill*         0x0800e026        0x2 
 .rodata.aPLLMULFactorTable.1
                0x0800e028       0x10 ./Drivers/STM32F1xx_HAL_Driver/Src/stm32f1xx_hal_rcc_ex.o
 .rodata.aPredivFactorTable.0
                0x0800e038        0x2 ./Drivers/STM32F1xx_HAL_Driver/Src/stm32f1xx_hal_rcc_ex.o
 .rodata._svfprintf_r.str1.1
                0x0800e03a       0x11 C:/ST/STM32CubeIDE_1.16.0/STM32CubeIDE/plugins/com.st.stm32cube.ide.mcu.externaltools.gnu-tools-for-stm32.12.3.rel1.win32_1.0.200.202406191623/tools/bin/../lib/gcc/arm-none-eabi/12.3.1/../../../../arm-none-eabi/lib/thumb/v7-m/nofp\libc_nano.a(libc_a-nano-svfprintf.o)
 .rodata._printf_i.str1.1
                0x0800e04b       0x22 C:/ST/STM32CubeIDE_1.16.0/STM32CubeIDE/plugins/com.st.stm32cube.ide.mcu.externaltools.gnu-tools-for-stm32.12.3.rel1.win32_1.0.200.202406191623/tools/bin/../lib/gcc/arm-none-eabi/12.3.1/../../../../arm-none-eabi/lib/thumb/v7-m/nofp\libc_nano.a(libc_a-nano-vfprintf_i.o)
 *fill*         0x0800e06d        0x3 
 .rodata.npio2_hw
                0x0800e070       0x80 C:/ST/STM32CubeIDE_1.16.0/STM32CubeIDE/plugins/com.st.stm32cube.ide.mcu.externaltools.gnu-tools-for-stm32.12.3.rel1.win32_1.0.200.202406191623/tools/bin/../lib/gcc/arm-none-eabi/12.3.1/../../../../arm-none-eabi/lib/thumb/v7-m/nofp\libm.a(libm_a-e_rem_pio2.o)
 .rodata.two_over_pi
                0x0800e0f0      0x108 C:/ST/STM32CubeIDE_1.16.0/STM32CubeIDE/plugins/com.st.stm32cube.ide.mcu.externaltools.gnu-tools-for-stm32.12.3.rel1.win32_1.0.200.202406191623/tools/bin/../lib/gcc/arm-none-eabi/12.3.1/../../../../arm-none-eabi/lib/thumb/v7-m/nofp\libm.a(libm_a-e_rem_pio2.o)
 .rodata.PIo2   0x0800e1f8       0x40 C:/ST/STM32CubeIDE_1.16.0/STM32CubeIDE/plugins/com.st.stm32cube.ide.mcu.externaltools.gnu-tools-for-stm32.12.3.rel1.win32_1.0.200.202406191623/tools/bin/../lib/gcc/arm-none-eabi/12.3.1/../../../../arm-none-eabi/lib/thumb/v7-m/nofp\libm.a(libm_a-k_rem_pio2.o)
 .rodata.init_jk
                0x0800e238       0x10 C:/ST/STM32CubeIDE_1.16.0/STM32CubeIDE/plugins/com.st.stm32cube.ide.mcu.externaltools.gnu-tools-for-stm32.12.3.rel1.win32_1.0.200.202406191623/tools/bin/../lib/gcc/arm-none-eabi/12.3.1/../../../../arm-none-eabi/lib/thumb/v7-m/nofp\libm.a(libm_a-k_rem_pio2.o)
                0x0800e248                        . = ALIGN (0x4)

.rel.dyn        0x0800e248        0x0
 .rel.iplt      0x0800e248        0x0 C:/ST/STM32CubeIDE_1.16.0/STM32CubeIDE/plugins/com.st.stm32cube.ide.mcu.externaltools.gnu-tools-for-stm32.12.3.rel1.win32_1.0.200.202406191623/tools/bin/../lib/gcc/arm-none-eabi/12.3.1/thumb/v7-m/nofp/crtbegin.o

.ARM.extab      0x0800e248        0x0
                0x0800e248                        . = ALIGN (0x4)
 *(.ARM.extab* .gnu.linkonce.armextab.*)
                0x0800e248                        . = ALIGN (0x4)

.ARM            0x0800e248        0x0
                0x0800e248                        . = ALIGN (0x4)
                0x0800e248                        __exidx_start = .
 *(.ARM.exidx*)
                0x0800e248                        __exidx_end = .
                0x0800e248                        . = ALIGN (0x4)

.preinit_array  0x0800e248        0x0
                0x0800e248                        . = ALIGN (0x4)
                0x0800e248                        PROVIDE (__preinit_array_start = .)
 *(.preinit_array*)
                0x0800e248                        PROVIDE (__preinit_array_end = .)
                0x0800e248                        . = ALIGN (0x4)

.init_array     0x0800e248        0x4
                0x0800e248                        . = ALIGN (0x4)
                0x0800e248                        PROVIDE (__init_array_start = .)
 *(SORT_BY_NAME(.init_array.*))
 *(.init_array*)
 .init_array    0x0800e248        0x4 C:/ST/STM32CubeIDE_1.16.0/STM32CubeIDE/plugins/com.st.stm32cube.ide.mcu.externaltools.gnu-tools-for-stm32.12.3.rel1.win32_1.0.200.202406191623/tools/bin/../lib/gcc/arm-none-eabi/12.3.1/thumb/v7-m/nofp/crtbegin.o
                0x0800e24c                        PROVIDE (__init_array_end = .)
                0x0800e24c                        . = ALIGN (0x4)

.fini_array     0x0800e24c        0x4
                0x0800e24c                        . = ALIGN (0x4)
                [!provide]                        PROVIDE (__fini_array_start = .)
 *(SORT_BY_NAME(.fini_array.*))
 *(.fini_array*)
 .fini_array    0x0800e24c        0x4 C:/ST/STM32CubeIDE_1.16.0/STM32CubeIDE/plugins/com.st.stm32cube.ide.mcu.externaltools.gnu-tools-for-stm32.12.3.rel1.win32_1.0.200.202406191623/tools/bin/../lib/gcc/arm-none-eabi/12.3.1/thumb/v7-m/nofp/crtbegin.o
                [!provide]                        PROVIDE (__fini_array_end = .)
                0x0800e250                        . = ALIGN (0x4)
                0x0800e250                        _sidata = LOADADDR (.data)

.data           0x20000000     0x1090 load address 0x0800e250
                0x20000000                        . = ALIGN (0x4)
                0x20000000                        _sdata = .
 *(.data)
 *(.data*)
 .data.w        0x20000000     0x1000 ./Core/Src/fft.o
                0x20000000                w
 .data.Font_7x10
                0x20001000        0x8 ./Core/Src/fonts.o
                0x20001000                Font_7x10
 .data.Font_11x18
                0x20001008        0x8 ./Core/Src/fonts.o
                0x20001008                Font_11x18
 .data.period   0x20001010        0x4 ./Core/Src/main.o
                0x20001010                period
 .data.amplitud
                0x20001014        0x1 ./Core/Src/main.o
                0x20001014                amplitud
 *fill*         0x20001015        0x3 
 .data.button_flag_counter_ant
                0x20001018        0x4 ./Core/Src/main.o
                0x20001018                button_flag_counter_ant
 .data.SystemCoreClock
                0x2000101c        0x4 ./Core/Src/system_stm32f1xx.o
                0x2000101c                SystemCoreClock
 .data.SW1_ant  0x20001020        0x2 ./Core/Src/tomasitos_library.o
                0x20001020                SW1_ant
 .data.SW2_ant  0x20001022        0x2 ./Core/Src/tomasitos_library.o
                0x20001022                SW2_ant
 .data.uwTickPrio
                0x20001024        0x4 ./Drivers/STM32F1xx_HAL_Driver/Src/stm32f1xx_hal.o
                0x20001024                uwTickPrio
 .data.uwTickFreq
                0x20001028        0x1 ./Drivers/STM32F1xx_HAL_Driver/Src/stm32f1xx_hal.o
                0x20001028                uwTickFreq
 *fill*         0x20001029        0x3 
 .data.uxCriticalNesting
                0x2000102c        0x4 ./Middlewares/Third_Party/FreeRTOS/Source/portable/GCC/ARM_CM3/port.o
 .data._impure_ptr
                0x20001030        0x4 C:/ST/STM32CubeIDE_1.16.0/STM32CubeIDE/plugins/com.st.stm32cube.ide.mcu.externaltools.gnu-tools-for-stm32.12.3.rel1.win32_1.0.200.202406191623/tools/bin/../lib/gcc/arm-none-eabi/12.3.1/../../../../arm-none-eabi/lib/thumb/v7-m/nofp\libc_nano.a(libc_a-impure.o)
                0x20001030                _impure_ptr
 .data._impure_data
                0x20001034       0x4c C:/ST/STM32CubeIDE_1.16.0/STM32CubeIDE/plugins/com.st.stm32cube.ide.mcu.externaltools.gnu-tools-for-stm32.12.3.rel1.win32_1.0.200.202406191623/tools/bin/../lib/gcc/arm-none-eabi/12.3.1/../../../../arm-none-eabi/lib/thumb/v7-m/nofp\libc_nano.a(libc_a-impure.o)
                0x20001034                _impure_data
 .data.tiny     0x20001080        0x8 C:/ST/STM32CubeIDE_1.16.0/STM32CubeIDE/plugins/com.st.stm32cube.ide.mcu.externaltools.gnu-tools-for-stm32.12.3.rel1.win32_1.0.200.202406191623/tools/bin/../lib/gcc/arm-none-eabi/12.3.1/../../../../arm-none-eabi/lib/thumb/v7-m/nofp\libm.a(libm_a-e_sqrt.o)
 .data.one      0x20001088        0x8 C:/ST/STM32CubeIDE_1.16.0/STM32CubeIDE/plugins/com.st.stm32cube.ide.mcu.externaltools.gnu-tools-for-stm32.12.3.rel1.win32_1.0.200.202406191623/tools/bin/../lib/gcc/arm-none-eabi/12.3.1/../../../../arm-none-eabi/lib/thumb/v7-m/nofp\libm.a(libm_a-e_sqrt.o)
 *(.RamFunc)
 *(.RamFunc*)
                0x20001090                        . = ALIGN (0x4)
                0x20001090                        _edata = .

.igot.plt       0x20001090        0x0 load address 0x0800f2e0
 .igot.plt      0x20001090        0x0 C:/ST/STM32CubeIDE_1.16.0/STM32CubeIDE/plugins/com.st.stm32cube.ide.mcu.externaltools.gnu-tools-for-stm32.12.3.rel1.win32_1.0.200.202406191623/tools/bin/../lib/gcc/arm-none-eabi/12.3.1/thumb/v7-m/nofp/crtbegin.o
                0x20001090                        . = ALIGN (0x4)

.bss            0x20001090     0x2fcc load address 0x0800f2e0
                0x20001090                        _sbss = .
                0x20001090                        __bss_start__ = _sbss
 *(.bss)
 .bss           0x20001090       0x1c C:/ST/STM32CubeIDE_1.16.0/STM32CubeIDE/plugins/com.st.stm32cube.ide.mcu.externaltools.gnu-tools-for-stm32.12.3.rel1.win32_1.0.200.202406191623/tools/bin/../lib/gcc/arm-none-eabi/12.3.1/thumb/v7-m/nofp/crtbegin.o
 *(.bss*)
 .bss.hadc1     0x200010ac       0x30 ./Core/Src/main.o
                0x200010ac                hadc1
 .bss.hi2c1     0x200010dc       0x54 ./Core/Src/main.o
                0x200010dc                hi2c1
 .bss.htim2     0x20001130       0x48 ./Core/Src/main.o
                0x20001130                htim2
 .bss.htim3     0x20001178       0x48 ./Core/Src/main.o
                0x20001178                htim3
 .bss.hdma_tim3_ch1_trig
                0x200011c0       0x44 ./Core/Src/main.o
                0x200011c0                hdma_tim3_ch1_trig
 .bss.huart1    0x20001204       0x48 ./Core/Src/main.o
                0x20001204                huart1
 .bss.hdma_usart1_tx
                0x2000124c       0x44 ./Core/Src/main.o
                0x2000124c                hdma_usart1_tx
 .bss.SignalGeneratorHandle
                0x20001290        0x4 ./Core/Src/main.o
                0x20001290                SignalGeneratorHandle
 .bss.ScreenControlerHandle
                0x20001294        0x4 ./Core/Src/main.o
                0x20001294                ScreenControlerHandle
 .bss.InputControlerHandle
                0x20001298        0x4 ./Core/Src/main.o
                0x20001298                InputControlerHandle
 .bss.DataControlerHandle
                0x2000129c        0x4 ./Core/Src/main.o
                0x2000129c                DataControlerHandle
 .bss.eventa2Handle
                0x200012a0        0x4 ./Core/Src/main.o
                0x200012a0                eventa2Handle
 .bss.x         0x200012a4        0x4 ./Core/Src/main.o
                0x200012a4                x
 .bss.xmax      0x200012a8        0x1 ./Core/Src/main.o
                0x200012a8                xmax
 *fill*         0x200012a9        0x3 
 .bss.j_adc     0x200012ac        0x4 ./Core/Src/main.o
                0x200012ac                j_adc
 .bss.Flag_muestras
                0x200012b0        0x1 ./Core/Src/main.o
                0x200012b0                Flag_muestras
 *fill*         0x200012b1        0x3 
 .bss.adc_buffer
                0x200012b4      0x200 ./Core/Src/main.o
                0x200012b4                adc_buffer
 .bss.p_buffer  0x200014b4      0x400 ./Core/Src/main.o
                0x200014b4                p_buffer
 .bss.FFT_buffer
                0x200018b4      0x800 ./Core/Src/main.o
                0x200018b4                FFT_buffer
 .bss.button_flag_counter
                0x200020b4        0x4 ./Core/Src/main.o
                0x200020b4                button_flag_counter
 .bss.SSD1306_Buffer
                0x200020b8      0x400 ./Core/Src/ssd1306.o
 .bss.SSD1306   0x200024b8        0x6 ./Core/Src/ssd1306.o
 *fill*         0x200024be        0x2 
 .bss.htim4     0x200024c0       0x48 ./Core/Src/stm32f1xx_hal_timebase_tim.o
                0x200024c0                htim4
 .bss.__sbrk_heap_end
                0x20002508        0x4 ./Core/Src/sysmem.o
 .bss.uwTick    0x2000250c        0x4 ./Drivers/STM32F1xx_HAL_Driver/Src/stm32f1xx_hal.o
                0x2000250c                uwTick
 .bss.KernelState
                0x20002510        0x4 ./Middlewares/Third_Party/FreeRTOS/Source/CMSIS_RTOS_V2/cmsis_os2.o
 .bss.Idle_TCB  0x20002514       0xac ./Middlewares/Third_Party/FreeRTOS/Source/CMSIS_RTOS_V2/cmsis_os2.o
 .bss.Idle_Stack
                0x200025c0      0x200 ./Middlewares/Third_Party/FreeRTOS/Source/CMSIS_RTOS_V2/cmsis_os2.o
 .bss.Timer_TCB
                0x200027c0       0xac ./Middlewares/Third_Party/FreeRTOS/Source/CMSIS_RTOS_V2/cmsis_os2.o
 .bss.Timer_Stack
                0x2000286c      0x400 ./Middlewares/Third_Party/FreeRTOS/Source/CMSIS_RTOS_V2/cmsis_os2.o
 .bss.xQueueRegistry
                0x20002c6c       0x40 ./Middlewares/Third_Party/FreeRTOS/Source/queue.o
                0x20002c6c                xQueueRegistry
 .bss.pxCurrentTCB
                0x20002cac        0x4 ./Middlewares/Third_Party/FreeRTOS/Source/tasks.o
                0x20002cac                pxCurrentTCB
 .bss.pxReadyTasksLists
                0x20002cb0      0x460 ./Middlewares/Third_Party/FreeRTOS/Source/tasks.o
 .bss.xDelayedTaskList1
                0x20003110       0x14 ./Middlewares/Third_Party/FreeRTOS/Source/tasks.o
 .bss.xDelayedTaskList2
                0x20003124       0x14 ./Middlewares/Third_Party/FreeRTOS/Source/tasks.o
 .bss.pxDelayedTaskList
                0x20003138        0x4 ./Middlewares/Third_Party/FreeRTOS/Source/tasks.o
 .bss.pxOverflowDelayedTaskList
                0x2000313c        0x4 ./Middlewares/Third_Party/FreeRTOS/Source/tasks.o
 .bss.xPendingReadyList
                0x20003140       0x14 ./Middlewares/Third_Party/FreeRTOS/Source/tasks.o
 .bss.xTasksWaitingTermination
                0x20003154       0x14 ./Middlewares/Third_Party/FreeRTOS/Source/tasks.o
 .bss.uxDeletedTasksWaitingCleanUp
                0x20003168        0x4 ./Middlewares/Third_Party/FreeRTOS/Source/tasks.o
 .bss.xSuspendedTaskList
                0x2000316c       0x14 ./Middlewares/Third_Party/FreeRTOS/Source/tasks.o
 .bss.uxCurrentNumberOfTasks
                0x20003180        0x4 ./Middlewares/Third_Party/FreeRTOS/Source/tasks.o
 .bss.xTickCount
                0x20003184        0x4 ./Middlewares/Third_Party/FreeRTOS/Source/tasks.o
 .bss.uxTopReadyPriority
                0x20003188        0x4 ./Middlewares/Third_Party/FreeRTOS/Source/tasks.o
 .bss.xSchedulerRunning
                0x2000318c        0x4 ./Middlewares/Third_Party/FreeRTOS/Source/tasks.o
 .bss.uxPendedTicks
                0x20003190        0x4 ./Middlewares/Third_Party/FreeRTOS/Source/tasks.o
 .bss.xYieldPending
                0x20003194        0x4 ./Middlewares/Third_Party/FreeRTOS/Source/tasks.o
 .bss.xNumOfOverflows
                0x20003198        0x4 ./Middlewares/Third_Party/FreeRTOS/Source/tasks.o
 .bss.uxTaskNumber
                0x2000319c        0x4 ./Middlewares/Third_Party/FreeRTOS/Source/tasks.o
 .bss.xNextTaskUnblockTime
                0x200031a0        0x4 ./Middlewares/Third_Party/FreeRTOS/Source/tasks.o
 .bss.xIdleTaskHandle
                0x200031a4        0x4 ./Middlewares/Third_Party/FreeRTOS/Source/tasks.o
 .bss.uxSchedulerSuspended
                0x200031a8        0x4 ./Middlewares/Third_Party/FreeRTOS/Source/tasks.o
 .bss.xActiveTimerList1
                0x200031ac       0x14 ./Middlewares/Third_Party/FreeRTOS/Source/timers.o
 .bss.xActiveTimerList2
                0x200031c0       0x14 ./Middlewares/Third_Party/FreeRTOS/Source/timers.o
 .bss.pxCurrentTimerList
                0x200031d4        0x4 ./Middlewares/Third_Party/FreeRTOS/Source/timers.o
 .bss.pxOverflowTimerList
                0x200031d8        0x4 ./Middlewares/Third_Party/FreeRTOS/Source/timers.o
 .bss.xTimerQueue
                0x200031dc        0x4 ./Middlewares/Third_Party/FreeRTOS/Source/timers.o
 .bss.xTimerTaskHandle
                0x200031e0        0x4 ./Middlewares/Third_Party/FreeRTOS/Source/timers.o
 .bss.xLastTime.2
                0x200031e4        0x4 ./Middlewares/Third_Party/FreeRTOS/Source/timers.o
 .bss.ucStaticTimerQueueStorage.1
                0x200031e8       0xa0 ./Middlewares/Third_Party/FreeRTOS/Source/timers.o
 .bss.xStaticTimerQueue.0
                0x20003288       0x50 ./Middlewares/Third_Party/FreeRTOS/Source/timers.o
 .bss.ucMaxSysCallPriority
                0x200032d8        0x1 ./Middlewares/Third_Party/FreeRTOS/Source/portable/GCC/ARM_CM3/port.o
 *fill*         0x200032d9        0x3 
 .bss.ulMaxPRIGROUPValue
                0x200032dc        0x4 ./Middlewares/Third_Party/FreeRTOS/Source/portable/GCC/ARM_CM3/port.o
 .bss.ucHeap    0x200032e0      0xc1c ./Middlewares/Third_Party/FreeRTOS/Source/portable/MemMang/heap_4.o
 .bss.xStart    0x20003efc        0x8 ./Middlewares/Third_Party/FreeRTOS/Source/portable/MemMang/heap_4.o
 .bss.pxEnd     0x20003f04        0x4 ./Middlewares/Third_Party/FreeRTOS/Source/portable/MemMang/heap_4.o
 .bss.xFreeBytesRemaining
                0x20003f08        0x4 ./Middlewares/Third_Party/FreeRTOS/Source/portable/MemMang/heap_4.o
 .bss.xMinimumEverFreeBytesRemaining
                0x20003f0c        0x4 ./Middlewares/Third_Party/FreeRTOS/Source/portable/MemMang/heap_4.o
 .bss.xBlockAllocatedBit
                0x20003f10        0x4 ./Middlewares/Third_Party/FreeRTOS/Source/portable/MemMang/heap_4.o
 .bss.__sf      0x20003f14      0x138 C:/ST/STM32CubeIDE_1.16.0/STM32CubeIDE/plugins/com.st.stm32cube.ide.mcu.externaltools.gnu-tools-for-stm32.12.3.rel1.win32_1.0.200.202406191623/tools/bin/../lib/gcc/arm-none-eabi/12.3.1/../../../../arm-none-eabi/lib/thumb/v7-m/nofp\libc_nano.a(libc_a-findfp.o)
                0x20003f14                __sf
 .bss.errno     0x2000404c        0x4 C:/ST/STM32CubeIDE_1.16.0/STM32CubeIDE/plugins/com.st.stm32cube.ide.mcu.externaltools.gnu-tools-for-stm32.12.3.rel1.win32_1.0.200.202406191623/tools/bin/../lib/gcc/arm-none-eabi/12.3.1/../../../../arm-none-eabi/lib/thumb/v7-m/nofp\libc_nano.a(libc_a-reent.o)
                0x2000404c                errno
 .bss.__lock___malloc_recursive_mutex
                0x20004050        0x1 C:/ST/STM32CubeIDE_1.16.0/STM32CubeIDE/plugins/com.st.stm32cube.ide.mcu.externaltools.gnu-tools-for-stm32.12.3.rel1.win32_1.0.200.202406191623/tools/bin/../lib/gcc/arm-none-eabi/12.3.1/../../../../arm-none-eabi/lib/thumb/v7-m/nofp\libc_nano.a(libc_a-lock.o)
                0x20004050                __lock___malloc_recursive_mutex
 *fill*         0x20004051        0x3 
 .bss.__malloc_sbrk_start
                0x20004054        0x4 C:/ST/STM32CubeIDE_1.16.0/STM32CubeIDE/plugins/com.st.stm32cube.ide.mcu.externaltools.gnu-tools-for-stm32.12.3.rel1.win32_1.0.200.202406191623/tools/bin/../lib/gcc/arm-none-eabi/12.3.1/../../../../arm-none-eabi/lib/thumb/v7-m/nofp\libc_nano.a(libc_a-mallocr.o)
                0x20004054                __malloc_sbrk_start
 .bss.__malloc_free_list
                0x20004058        0x4 C:/ST/STM32CubeIDE_1.16.0/STM32CubeIDE/plugins/com.st.stm32cube.ide.mcu.externaltools.gnu-tools-for-stm32.12.3.rel1.win32_1.0.200.202406191623/tools/bin/../lib/gcc/arm-none-eabi/12.3.1/../../../../arm-none-eabi/lib/thumb/v7-m/nofp\libc_nano.a(libc_a-mallocr.o)
                0x20004058                __malloc_free_list
 *(COMMON)
                0x2000405c                        . = ALIGN (0x4)
                0x2000405c                        _ebss = .
                0x2000405c                        __bss_end__ = _ebss

._user_heap_stack
                0x2000405c      0x604 load address 0x0800f2e0
                0x20004060                        . = ALIGN (0x8)
 *fill*         0x2000405c        0x4 
                [!provide]                        PROVIDE (end = .)
                0x20004060                        PROVIDE (_end = .)
                0x20004260                        . = (. + _Min_Heap_Size)
 *fill*         0x20004060      0x200 
                0x20004660                        . = (. + _Min_Stack_Size)
 *fill*         0x20004260      0x400 
                0x20004660                        . = ALIGN (0x8)

/DISCARD/
 libc.a(*)
 libm.a(*)
 libgcc.a(*)

.ARM.attributes
                0x00000000       0x29
 *(.ARM.attributes)
 .ARM.attributes
                0x00000000       0x1d C:/ST/STM32CubeIDE_1.16.0/STM32CubeIDE/plugins/com.st.stm32cube.ide.mcu.externaltools.gnu-tools-for-stm32.12.3.rel1.win32_1.0.200.202406191623/tools/bin/../lib/gcc/arm-none-eabi/12.3.1/thumb/v7-m/nofp/crti.o
 .ARM.attributes
                0x0000001d       0x2d C:/ST/STM32CubeIDE_1.16.0/STM32CubeIDE/plugins/com.st.stm32cube.ide.mcu.externaltools.gnu-tools-for-stm32.12.3.rel1.win32_1.0.200.202406191623/tools/bin/../lib/gcc/arm-none-eabi/12.3.1/thumb/v7-m/nofp/crtbegin.o
 .ARM.attributes
                0x0000004a       0x2d ./Core/Src/fft.o
 .ARM.attributes
                0x00000077       0x2d ./Core/Src/fonts.o
 .ARM.attributes
                0x000000a4       0x2d ./Core/Src/main.o
 .ARM.attributes
                0x000000d1       0x2d ./Core/Src/ssd1306.o
 .ARM.attributes
                0x000000fe       0x2d ./Core/Src/stm32f1xx_hal_msp.o
 .ARM.attributes
                0x0000012b       0x2d ./Core/Src/stm32f1xx_hal_timebase_tim.o
 .ARM.attributes
                0x00000158       0x2d ./Core/Src/stm32f1xx_it.o
 .ARM.attributes
                0x00000185       0x2d ./Core/Src/sysmem.o
 .ARM.attributes
                0x000001b2       0x2d ./Core/Src/system_stm32f1xx.o
 .ARM.attributes
                0x000001df       0x2d ./Core/Src/tomasitos_library.o
 .ARM.attributes
                0x0000020c       0x21 ./Core/Startup/startup_stm32f103c8tx.o
 .ARM.attributes
                0x0000022d       0x2d ./Drivers/STM32F1xx_HAL_Driver/Src/stm32f1xx_hal.o
 .ARM.attributes
                0x0000025a       0x2d ./Drivers/STM32F1xx_HAL_Driver/Src/stm32f1xx_hal_adc.o
 .ARM.attributes
                0x00000287       0x2d ./Drivers/STM32F1xx_HAL_Driver/Src/stm32f1xx_hal_adc_ex.o
 .ARM.attributes
                0x000002b4       0x2d ./Drivers/STM32F1xx_HAL_Driver/Src/stm32f1xx_hal_cortex.o
 .ARM.attributes
                0x000002e1       0x2d ./Drivers/STM32F1xx_HAL_Driver/Src/stm32f1xx_hal_dma.o
 .ARM.attributes
                0x0000030e       0x2d ./Drivers/STM32F1xx_HAL_Driver/Src/stm32f1xx_hal_gpio.o
 .ARM.attributes
                0x0000033b       0x2d ./Drivers/STM32F1xx_HAL_Driver/Src/stm32f1xx_hal_i2c.o
 .ARM.attributes
                0x00000368       0x2d ./Drivers/STM32F1xx_HAL_Driver/Src/stm32f1xx_hal_rcc.o
 .ARM.attributes
                0x00000395       0x2d ./Drivers/STM32F1xx_HAL_Driver/Src/stm32f1xx_hal_rcc_ex.o
 .ARM.attributes
                0x000003c2       0x2d ./Drivers/STM32F1xx_HAL_Driver/Src/stm32f1xx_hal_tim.o
 .ARM.attributes
                0x000003ef       0x2d ./Drivers/STM32F1xx_HAL_Driver/Src/stm32f1xx_hal_tim_ex.o
 .ARM.attributes
                0x0000041c       0x2d ./Drivers/STM32F1xx_HAL_Driver/Src/stm32f1xx_hal_uart.o
 .ARM.attributes
                0x00000449       0x2d ./Middlewares/Third_Party/FreeRTOS/Source/CMSIS_RTOS_V2/cmsis_os2.o
 .ARM.attributes
                0x00000476       0x2d ./Middlewares/Third_Party/FreeRTOS/Source/list.o
 .ARM.attributes
                0x000004a3       0x2d ./Middlewares/Third_Party/FreeRTOS/Source/queue.o
 .ARM.attributes
                0x000004d0       0x2d ./Middlewares/Third_Party/FreeRTOS/Source/tasks.o
 .ARM.attributes
                0x000004fd       0x2d ./Middlewares/Third_Party/FreeRTOS/Source/timers.o
 .ARM.attributes
                0x0000052a       0x2d ./Middlewares/Third_Party/FreeRTOS/Source/portable/GCC/ARM_CM3/port.o
 .ARM.attributes
                0x00000557       0x2d ./Middlewares/Third_Party/FreeRTOS/Source/portable/MemMang/heap_4.o
 .ARM.attributes
                0x00000584       0x2d C:/ST/STM32CubeIDE_1.16.0/STM32CubeIDE/plugins/com.st.stm32cube.ide.mcu.externaltools.gnu-tools-for-stm32.12.3.rel1.win32_1.0.200.202406191623/tools/bin/../lib/gcc/arm-none-eabi/12.3.1/../../../../arm-none-eabi/lib/thumb/v7-m/nofp\libc_nano.a(libc_a-findfp.o)
 .ARM.attributes
                0x000005b1       0x2d C:/ST/STM32CubeIDE_1.16.0/STM32CubeIDE/plugins/com.st.stm32cube.ide.mcu.externaltools.gnu-tools-for-stm32.12.3.rel1.win32_1.0.200.202406191623/tools/bin/../lib/gcc/arm-none-eabi/12.3.1/../../../../arm-none-eabi/lib/thumb/v7-m/nofp\libc_nano.a(libc_a-sprintf.o)
 .ARM.attributes
                0x000005de       0x2d C:/ST/STM32CubeIDE_1.16.0/STM32CubeIDE/plugins/com.st.stm32cube.ide.mcu.externaltools.gnu-tools-for-stm32.12.3.rel1.win32_1.0.200.202406191623/tools/bin/../lib/gcc/arm-none-eabi/12.3.1/../../../../arm-none-eabi/lib/thumb/v7-m/nofp\libc_nano.a(libc_a-memset.o)
 .ARM.attributes
                0x0000060b       0x2d C:/ST/STM32CubeIDE_1.16.0/STM32CubeIDE/plugins/com.st.stm32cube.ide.mcu.externaltools.gnu-tools-for-stm32.12.3.rel1.win32_1.0.200.202406191623/tools/bin/../lib/gcc/arm-none-eabi/12.3.1/../../../../arm-none-eabi/lib/thumb/v7-m/nofp\libc_nano.a(libc_a-reent.o)
 .ARM.attributes
                0x00000638       0x2d C:/ST/STM32CubeIDE_1.16.0/STM32CubeIDE/plugins/com.st.stm32cube.ide.mcu.externaltools.gnu-tools-for-stm32.12.3.rel1.win32_1.0.200.202406191623/tools/bin/../lib/gcc/arm-none-eabi/12.3.1/../../../../arm-none-eabi/lib/thumb/v7-m/nofp\libc_nano.a(libc_a-impure.o)
 .ARM.attributes
                0x00000665       0x2d C:/ST/STM32CubeIDE_1.16.0/STM32CubeIDE/plugins/com.st.stm32cube.ide.mcu.externaltools.gnu-tools-for-stm32.12.3.rel1.win32_1.0.200.202406191623/tools/bin/../lib/gcc/arm-none-eabi/12.3.1/../../../../arm-none-eabi/lib/thumb/v7-m/nofp\libc_nano.a(libc_a-errno.o)
 .ARM.attributes
                0x00000692       0x2d C:/ST/STM32CubeIDE_1.16.0/STM32CubeIDE/plugins/com.st.stm32cube.ide.mcu.externaltools.gnu-tools-for-stm32.12.3.rel1.win32_1.0.200.202406191623/tools/bin/../lib/gcc/arm-none-eabi/12.3.1/../../../../arm-none-eabi/lib/thumb/v7-m/nofp\libc_nano.a(libc_a-init.o)
 .ARM.attributes
                0x000006bf       0x2d C:/ST/STM32CubeIDE_1.16.0/STM32CubeIDE/plugins/com.st.stm32cube.ide.mcu.externaltools.gnu-tools-for-stm32.12.3.rel1.win32_1.0.200.202406191623/tools/bin/../lib/gcc/arm-none-eabi/12.3.1/../../../../arm-none-eabi/lib/thumb/v7-m/nofp\libc_nano.a(libc_a-lock.o)
 .ARM.attributes