../Core/Src/main.c:158:5:main	8	static
../Core/Src/main.c:261:6:SystemClock_Config	88	static
../Core/Src/main.c:308:13:MX_ADC1_Init	24	static
../Core/Src/main.c:355:13:MX_I2C1_Init	8	static
../Core/Src/main.c:389:13:MX_TIM2_Init	32	static
../Core/Src/main.c:434:13:MX_TIM3_Init	64	static
../Core/Src/main.c:493:13:MX_USART1_UART_Init	8	static
../Core/Src/main.c:524:13:MX_DMA_Init	16	static
../Core/Src/main.c:545:13:MX_GPIO_Init	40	static
../Core/Src/main.c:612:6:callback_in	16	static
../Core/Src/main.c:635:6:callback_out	16	static
../Core/Src/main.c:668:6:action	96	static
../Core/Src/main.c:800:6:display	16	static
../Core/Src/main.c:944:6:SignalGeneratorTask	304	static
../Core/Src/main.c:984:6:ScreenControlerTask	32	static
../Core/Src/main.c:1020:6:InputControlerTask	40	static
../Core/Src/main.c:1073:6:DataControlerTask	32	static
../Core/Src/main.c:1103:6:HAL_TIM_PeriodElapsedCallback	24	static
../Core/Src/main.c:1135:6:Error_Handler	4	static,ignoring_inline_asm
